Archive member included to satisfy reference by file (symbol)

C:/devkitPro/libogc/lib/wii\libwiiuse.a(wpad.o)
                              main.o (WPAD_Init)
C:/devkitPro/libogc/lib/wii\libwiiuse.a(motion_plus.o)
                              C:/devkitPro/libogc/lib/wii\libwiiuse.a(wpad.o) (wiiuse_set_motion_plus)
C:/devkitPro/libogc/lib/wii\libwiiuse.a(dynamics.o)
                              C:/devkitPro/libogc/lib/wii\libwiiuse.a(wpad.o) (calculate_gforce)
C:/devkitPro/libogc/lib/wii\libwiiuse.a(io.o)
                              C:/devkitPro/libogc/lib/wii\libwiiuse.a(motion_plus.o) (wiiuse_disable_expansion)
C:/devkitPro/libogc/lib/wii\libwiiuse.a(io_wii.o)
                              C:/devkitPro/libogc/lib/wii\libwiiuse.a(wpad.o) (__wiiuse_sensorbar_enable)
C:/devkitPro/libogc/lib/wii\libwiiuse.a(ir.o)
                              C:/devkitPro/libogc/lib/wii\libwiiuse.a(motion_plus.o) (wiiuse_set_ir_mode)
C:/devkitPro/libogc/lib/wii\libwiiuse.a(nunchuk.o)
                              C:/devkitPro/libogc/lib/wii\libwiiuse.a(io.o) (nunchuk_handshake)
C:/devkitPro/libogc/lib/wii\libwiiuse.a(wiiboard.o)
                              C:/devkitPro/libogc/lib/wii\libwiiuse.a(io.o) (wii_board_handshake)
C:/devkitPro/libogc/lib/wii\libwiiuse.a(wiiuse.o)
                              C:/devkitPro/libogc/lib/wii\libwiiuse.a(wpad.o) (wiiuse_init)
C:/devkitPro/libogc/lib/wii\libwiiuse.a(speaker.o)
                              C:/devkitPro/libogc/lib/wii\libwiiuse.a(wpad.o) (wencdata)
C:/devkitPro/libogc/lib/wii\libwiiuse.a(classic.o)
                              C:/devkitPro/libogc/lib/wii\libwiiuse.a(io.o) (classic_ctrl_handshake)
C:/devkitPro/libogc/lib/wii\libwiiuse.a(events.o)
                              C:/devkitPro/libogc/lib/wii\libwiiuse.a(io_wii.o) (parse_event)
C:/devkitPro/libogc/lib/wii\libwiiuse.a(guitar_hero_3.o)
                              C:/devkitPro/libogc/lib/wii\libwiiuse.a(io.o) (guitar_hero_3_handshake)
C:/devkitPro/libogc/lib/wii\libbte.a(bte.o)
                              C:/devkitPro/libogc/lib/wii\libwiiuse.a(wpad.o) (BTE_Init)
C:/devkitPro/libogc/lib/wii\libbte.a(hci.o)
                              C:/devkitPro/libogc/lib/wii\libbte.a(bte.o) (hci_init)
C:/devkitPro/libogc/lib/wii\libbte.a(l2cap.o)
                              C:/devkitPro/libogc/lib/wii\libbte.a(bte.o) (l2cap_init)
C:/devkitPro/libogc/lib/wii\libbte.a(btmemb.o)
                              C:/devkitPro/libogc/lib/wii\libbte.a(bte.o) (btmemb_init)
C:/devkitPro/libogc/lib/wii\libbte.a(btmemr.o)
                              C:/devkitPro/libogc/lib/wii\libbte.a(hci.o) (btmemr_init)
C:/devkitPro/libogc/lib/wii\libbte.a(btpbuf.o)
                              C:/devkitPro/libogc/lib/wii\libbte.a(hci.o) (btpbuf_init)
C:/devkitPro/libogc/lib/wii\libbte.a(physbusif.o)
                              C:/devkitPro/libogc/lib/wii\libbte.a(bte.o) (physbusif_init)
C:/devkitPro/libogc/lib/wii\libogc.a(console.o)
                              main.o (CON_Init)
C:/devkitPro/libogc/lib/wii\libogc.a(lwp_queue.o)
                              C:/devkitPro/libogc/lib/wii\libwiiuse.a(io_wii.o) (__lwp_queue_initialize)
C:/devkitPro/libogc/lib/wii\libogc.a(lwp_threads.o)
                              C:/devkitPro/libogc/lib/wii\libwiiuse.a(wpad.o) (_thread_dispatch_disable_level)
C:/devkitPro/libogc/lib/wii\libogc.a(lwp.o)
                              C:/devkitPro/libogc/lib/wii\libbte.a(bte.o) (LWP_InitQueue)
C:/devkitPro/libogc/lib/wii\libogc.a(lwp_handler.o)
                              C:/devkitPro/libogc/lib/wii\libogc.a(lwp_threads.o) (_cpu_context_save_fp)
C:/devkitPro/libogc/lib/wii\libogc.a(lwp_stack.o)
                              C:/devkitPro/libogc/lib/wii\libogc.a(lwp_threads.o) (__lwp_stack_allocate)
C:/devkitPro/libogc/lib/wii\libogc.a(lwp_watchdog.o)
                              C:/devkitPro/libogc/lib/wii\libogc.a(lwp_threads.o) (_wd_ticks_queue)
C:/devkitPro/libogc/lib/wii\libogc.a(lwp_wkspace.o)
                              C:/devkitPro/libogc/lib/wii\libwiiuse.a(motion_plus.o) (__wkspace_heap)
C:/devkitPro/libogc/lib/wii\libogc.a(lwp_objmgr.o)
                              C:/devkitPro/libogc/lib/wii\libogc.a(lwp.o) (__lwp_objmgr_initinfo)
C:/devkitPro/libogc/lib/wii\libogc.a(lwp_heap.o)
                              C:/devkitPro/libogc/lib/wii\libogc.a(lwp_wkspace.o) (__lwp_heap_init)
C:/devkitPro/libogc/lib/wii\libogc.a(sys_state.o)
                              C:/devkitPro/libogc/lib/wii\libogc.a(lwp_threads.o) (_sys_state_curr)
C:/devkitPro/libogc/lib/wii\libogc.a(irq.o)
                              C:/devkitPro/libogc/lib/wii\libwiiuse.a(io_wii.o) (IRQ_Disable)
C:/devkitPro/libogc/lib/wii\libogc.a(video.o)
                              C:/devkitPro/libogc/lib/wii\libogc.a(console.o) (VIDEO_GetCurrentFramebuffer)
C:/devkitPro/libogc/lib/wii\libogc.a(system.o)
[...]
Memory Configuration

Name             Origin             Length             Attributes
*default*        0x00000000         0xffffffff

Linker script and memory map

                0x00003400                        . = 0x3400

.stub
 *(.stub)
                0x80004000                        . = 0x80004000

.init           0x80004000      0x194
 *crt0.o(*.init)
 .init          0x80004000      0x170 C:/devkitPro/libogc/lib/wii\libogc.a(ogc_crt0.o)
                0x80004000                _start
                0x80004140                _memset
 *(.init)
 .init          0x80004170        0xc C:/devkitPro/devkitPPC/bin/../lib/gcc/powerpc-eabi/13.1.0/ecrti.o
                0x80004170                __init
 .init          0x8000417c        0x4 C:/devkitPro/devkitPPC/bin/../lib/gcc/powerpc-eabi/13.1.0/crtbegin.o
 .init          0x80004180        0x4 C:/devkitPro/devkitPPC/bin/../lib/gcc/powerpc-eabi/13.1.0/crtend.o
 .init          0x80004184       0x10 C:/devkitPro/devkitPPC/bin/../lib/gcc/powerpc-eabi/13.1.0/ecrtn.o

.rela.dyn       0x80004194        0x0
 .rela.iplt     0x80004194        0x0 C:/devkitPro/devkitPPC/bin/../lib/gcc/powerpc-eabi/13.1.0/crtbegin.o

.plt
 *(.plt)

.interp
 *(.interp)

.hash
 *(.hash)

.dynsym
 *(.dynsym)

.dynstr
 *(.dynstr)

.gnu.version
 *(.gnu.version)

.gnu.version_d
 *(.gnu.version_d)

.gnu.version_r
 *(.gnu.version_r)

.rel.init
 *(.rel.init)

.rela.init
 *(.rela.init)

.rel.text
 *(.rel.text .rel.text.* .rel.gnu.linkonce.t.*)

.rela.text      0x80004194        0x0
 *(.rela.text .rela.text.* .rela.gnu.linkonce.t.*)
 .rela.text.__do_global_dtors_aux
                0x80004194        0x0 C:/devkitPro/devkitPPC/bin/../lib/gcc/powerpc-eabi/13.1.0/crtbegin.o
 .rela.text.frame_dummy
                0x80004194        0x0 C:/devkitPro/devkitPPC/bin/../lib/gcc/powerpc-eabi/13.1.0/crtbegin.o
 .rela.text.unlikely.abort
                0x80004194        0x0 C:/devkitPro/devkitPPC/bin/../lib/gcc/powerpc-eabi/13.1.0/crtbegin.o
 .rela.text.__assert_func
                0x80004194        0x0 C:/devkitPro/devkitPPC/bin/../lib/gcc/powerpc-eabi/13.1.0/crtbegin.o

.rel.fini
 *(.rel.fini)

.rela.fini
 *(.rela.fini)

.rel.rodata
 *(.rel.rodata .rel.rodata.* .rel.gnu.linkonce.r.*)

.rela.rodata
 *(.rela.rodata .rela.rodata.* .rela.gnu.linkonce.r.*)

.rel.data
 *(.rel.data .rel.data.* .rel.gnu.linkonce.d.*)

.rela.data
 *(.rela.data .rela.data.* .rela.gnu.linkonce.d.*)

.rel.tdata
 *(.rel.tdata .rel.tdata.* .rel.gnu.linkonce.td.*)

.rela.tdata
 *(.rela.tdata .rela.tdata.* .rela.gnu.linkonce.td.*)

.rel.tbss
 *(.rel.tbss .rel.tbss.* .rel.gnu.linkonce.tb.*)

.rela.tbss
 *(.rela.tbss .rela.tbss.* .rela.gnu.linkonce.tb.*)

.rel.ctors
 *(.rel.ctors)

.rela.ctors
 *(.rela.ctors)

.rel.dtors
 *(.rel.dtors)

.rela.dtors
 *(.rela.dtors)

.rel.got
 *(.rel.got)

.rela.got
 *(.rela.got)

.rela.got1
 *(.rela.got1)

.rela.got2
 *(.rela.got2)

.rel.sdata
 *(.rel.sdata .rel.sdata.* .rel.gnu.linkonce.s.*)

.rela.sdata
 *(.rela.sdata .rela.sdata.* .rela.gnu.linkonce.s.*)

.rel.sbss
 *(.rel.sbss .rel.sbss.* .rel.gnu.linkonce.sb.*)

.rela.sbss
 *(.rela.sbss .rela.sbss.* .rel.gnu.linkonce.sb.*)

.rel.sdata2
 *(.rel.sdata2 .rel.sdata2.* .rel.gnu.linkonce.s2.*)

.rela.sdata2
 *(.rela.sdata2 .rela.sdata2.* .rela.gnu.linkonce.s2.*)

.rel.sbss2
 *(.rel.sbss2 .rel.sbss2.* .rel.gnu.linkonce.sb2.*)

.rela.sbss2
 *(.rela.sbss2 .rela.sbss2.* .rela.gnu.linkonce.sb2.*)

.rel.bss
 *(.rel.bss .rel.bss.* .rel.gnu.linkonce.b.*)

.rela.bss
 *(.rela.bss .rela.bss.* .rela.gnu.linkonce.b.*)

.rel.plt
 *(.rel.plt)

.rela.plt
 *(.rela.plt)

.text           0x800041a0    0x388c0
 *(.text)
 .text          0x800041a0      0x44c C:/devkitPro/libogc/lib/wii\libogc.a(lwp_handler.o)
                0x800041a0                _cpu_context_save_fp
                0x800042e0                _cpu_context_restore_fp
                0x80004420                _cpu_context_switch
                0x80004500                _cpu_context_save
                0x80004580                _cpu_context_restore
 .text          0x800045ec      0x4a0 C:/devkitPro/libogc/lib/wii\libogc.a(system_asm.o)
                0x800045ec                __realmode
                0x80004604                __configBATS
                0x80004734                __InitFPRS
                0x80004860                __InitPS
                0x800048bc                __InitCache
                0x80004914                __InitSystem
                0x8000499c                __flush_cache
                0x800049d0                __reset
                0x80004a40                __InitBATS
                0x80004a5c                SYS_SwitchFiber
 .text          0x80004a8c      0x1ac C:/devkitPro/libogc/lib/wii\libogc.a(irq_handler.o)
                0x80004a8c                irq_exceptionhandler
 .text          0x80004c38      0x118 C:/devkitPro/libogc/lib/wii\libogc.a(video_asm.o)
                0x80004c38                __VIClearFramebuffer
 .text          0x80004d50      0x4f4 C:/devkitPro/libogc/lib/wii\libogc.a(cache_asm.o)
                0x80004d50                DCFlashInvalidate
                0x80004d64                DCEnable
                0x80004d78                DCDisable
                0x80004d8c                DCFreeze
                0x80004da0                DCUnfreeze
                0x80004db4                DCTouchLoad
                0x80004dbc                DCBlockZero
                0x80004dc4                DCBlockStore
                0x80004dcc                DCBlockFlush
                0x80004dd4                DCBlockInvalidate
                0x80004ddc                DCInvalidateRange
                0x80004e0c                DCFlushRange
                0x80004e40                DCStoreRange
                0x80004e74                DCFlushRangeNoSync
                0x80004ea4                DCStoreRangeNoSync
                0x80004ed4                DCZeroRange
                0x80004f04                DCTouchRange
                0x80004f34                ICInvalidateRange
                0x80004f6c                ICFlashInvalidate
                0x80004f80                ICEnable
                0x80004f94                ICDisable
                0x80004fa8                ICFreeze
                0x80004fbc                ICUnfreeze
                0x80004fd0                ICBlockInvalidate
                0x80004fd8                ICSync
                0x80004fe0                L2Init
                0x80005028                L2Enable
                0x80005044                L2Disable
                0x8000505c                L2GlobalInvalidate
                0x800050b4                __LCEnable
                0x80005180                LCDisable
                0x800051a8                LCAllocOneTag
                0x800051bc                LCAllocTags
                0x800051fc                LCLoadBlocks
                0x80005220                LCStoreBlocks
 .text          0x80005244      0x1ac C:/devkitPro/libogc/lib/wii\libogc.a(decrementer_handler.o)
                0x80005244                dec_exceptionhandler
 .text          0x800053f0      0x35c C:/devkitPro/libogc/lib/wii\libogc.a(exception_handler.o)
                0x800053f0                exceptionhandler_start
                0x8000546c                exceptionhandler_patch
                0x800054a0                exceptionhandler_end
                0x800054a4                default_exceptionhandler
                0x800055d4                fpu_exceptionhandler
                0x8000571c                systemcallhandler_start
                0x80005748                systemcallhandler_end
 .text          0x8000574c       0x48 C:/devkitPro/devkitPPC/bin/../lib/gcc/powerpc-eabi/13.1.0\libgcc.a(eabi.o)
                0x8000574c                __eabi
 .text          0x80005794       0x58 C:/devkitPro/devkitPPC/bin/../lib/gcc/powerpc-eabi/13.1.0\libgcc.a(crtresxfpr.o)
                0x80005794                _restfpr_14_x
                0x80005798                _restfpr_15_x
                0x8000579c                _restfpr_16_x
                0x800057a0                _restfpr_17_x
                0x800057a4                _restfpr_18_x
                0x800057a8                _restfpr_19_x
                0x800057ac                _restfpr_20_x
                0x800057b0                _restfpr_21_x
                0x800057b4                _restfpr_22_x
                0x800057b8                _restfpr_23_x
                0x800057bc                _restfpr_24_x
                0x800057c0                _restfpr_25_x
                0x800057c4                _restfpr_26_x
                0x800057c8                _restfpr_27_x
                0x800057cc                _restfpr_28_x
                0x800057d0                _restfpr_29_x
                0x800057d4                _restfpr_30_x
                0x800057d8                _restfpr_31_x
 .text          0x800057ec       0x58 C:/devkitPro/devkitPPC/bin/../lib/gcc/powerpc-eabi/13.1.0\libgcc.a(crtresxgpr.o)
                0x800057ec                _restgpr_14_x
                0x800057f0                _restgpr_15_x
                0x800057f4                _restgpr_16_x
                0x800057f8                _restgpr_17_x
                0x800057fc                _restgpr_18_x
                0x80005800                _restgpr_19_x
                0x80005804                _restgpr_20_x
                0x80005808                _restgpr_21_x
                0x8000580c                _restgpr_22_x
                0x80005810                _restgpr_23_x
                0x80005814                _restgpr_24_x
                0x80005818                _restgpr_25_x
                0x8000581c                _restgpr_26_x
                0x80005820                _restgpr_27_x
                0x80005824                _restgpr_28_x
                0x80005828                _restgpr_29_x
                0x8000582c                _restgpr_30_x
                0x80005830                _restgpr_31_x
 *(.text.*)
 .text.__do_global_dtors_aux
                0x80005844       0xcc C:/devkitPro/devkitPPC/bin/../lib/gcc/powerpc-eabi/13.1.0/crtbegin.o
 .text.frame_dummy
                0x80005910       0x24 C:/devkitPro/devkitPPC/bin/../lib/gcc/powerpc-eabi/13.1.0/crtbegin.o
 .text.__crtmain
                0x80005934       0x44 C:/devkitPro/devkitPPC/bin/../lib/gcc/powerpc-eabi/13.1.0/../../../../powerpc-eabi/lib/crtmain.o
                0x80005938                __crtmain
 .text.startup.main
                0x80005978      0x364 main.o
                0x80005978                main
 .text.__wpad_assign_slot
                0x80005cdc      0x254 C:/devkitPro/libogc/lib/wii\libwiiuse.a(wpad.o)
                0x80005cdc                __wpad_assign_slot
 .text.__wpad_def_powcb
                0x80005f30        0x4 C:/devkitPro/libogc/lib/wii\libwiiuse.a(wpad.o)
 .text.__readlinkkey_finished
                0x80005f34       0x34 C:/devkitPro/libogc/lib/wii\libwiiuse.a(wpad.o)
 .text.__wpad_patch_finished
                0x80005f68       0x2c C:/devkitPro/libogc/lib/wii\libwiiuse.a(wpad.o)
 .text.__wpad_setfmt
                0x80005f94      0x14c C:/devkitPro/libogc/lib/wii\libwiiuse.a(wpad.o)
 .text.__wpad_eventCB
                0x800060e0      0xad4 C:/devkitPro/libogc/lib/wii\libwiiuse.a(wpad.o)
 .text.__wpad_disconnectCB
                0x80006bb4       0xd4 C:/devkitPro/libogc/lib/wii\libwiiuse.a(wpad.o)
                0x80006bb4                __wpad_disconnectCB
 .text.__wpad_timeouthandler
                0x80006c88       0xa8 C:/devkitPro/libogc/lib/wii\libwiiuse.a(wpad.o)
 .text.__initcore_finished
                0x80006d30       0x48 C:/devkitPro/libogc/lib/wii\libwiiuse.a(wpad.o)
 .text.__wpad_init_finished
                0x80006d78      0x194 C:/devkitPro/libogc/lib/wii\libwiiuse.a(wpad.o)
 .text.WPAD_ReadEvent
                0x80006f0c      0x68c C:/devkitPro/libogc/lib/wii\libwiiuse.a(wpad.o)
                0x80006f0c                WPAD_ReadEvent
 .text.WPAD_ReadPending
                0x80007598      0x1a0 C:/devkitPro/libogc/lib/wii\libwiiuse.a(wpad.o)
                0x80007598                WPAD_ReadPending
 .text.WPAD_Shutdown
                0x80007738      0x114 C:/devkitPro/libogc/lib/wii\libwiiuse.a(wpad.o)
                0x80007738                WPAD_Shutdown
 .text.WPAD_Init
                0x8000784c      0x2c4 C:/devkitPro/libogc/lib/wii\libwiiuse.a(wpad.o)
                0x8000784c                WPAD_Init
 .text.__wpad_onreset
                0x80007b10       0x34 C:/devkitPro/libogc/lib/wii\libwiiuse.a(wpad.o)
 .text.WPAD_ScanPads
                0x80007b44       0x90 C:/devkitPro/libogc/lib/wii\libwiiuse.a(wpad.o)
                0x80007b44                WPAD_ScanPads
 .text.WPAD_ButtonsDown
                0x80007bd4       0x28 C:/devkitPro/libogc/lib/wii\libwiiuse.a(wpad.o)
                0x80007bd4                WPAD_ButtonsDown
 .text.motion_plus_disconnected
                0x80007bfc       0x10 C:/devkitPro/libogc/lib/wii\libwiiuse.a(motion_plus.o)
                0x80007bfc                motion_plus_disconnected
 .text.motion_plus_event
                0x80007c0c       0x64 C:/devkitPro/libogc/lib/wii\libwiiuse.a(motion_plus.o)
                0x80007c0c                motion_plus_event
 .text.calculate_gforce
                0x80007c70      0x114 C:/devkitPro/libogc/lib/wii\libwiiuse.a(dynamics.o)
                0x80007c70                calculate_gforce
 .text.calc_joystick_state
                0x80007d84      0x210 C:/devkitPro/libogc/lib/wii\libwiiuse.a(dynamics.o)
                0x80007d84                calc_joystick_state
 .text.apply_smoothing
                0x80007f94      0x140 C:/devkitPro/libogc/lib/wii\libwiiuse.a(dynamics.o)
                0x80007f94                apply_smoothing
 .text.calculate_orientation
                0x800080d4      0x340 C:/devkitPro/libogc/lib/wii\libwiiuse.a(dynamics.o)
                0x800080d4                calculate_orientation
 .text.calc_balanceboard_state
                0x80008414      0x3a4 C:/devkitPro/libogc/lib/wii\libwiiuse.a(dynamics.o)
                0x80008414                calc_balanceboard_state
 .text.wiiuse_handshake
                0x800087b8      0x27c C:/devkitPro/libogc/lib/wii\libwiiuse.a(io.o)
                0x800087b8                wiiuse_handshake
 .text.wiiuse_handshake_expansion
                0x80008a34      0x1f0 C:/devkitPro/libogc/lib/wii\libwiiuse.a(io.o)
                0x80008a34                wiiuse_handshake_expansion
 .text.wiiuse_handshake_expansion_start
                0x80008c24       0x5c C:/devkitPro/libogc/lib/wii\libwiiuse.a(io.o)
                0x80008c24                wiiuse_handshake_expansion_start
 .text.wiiuse_disable_expansion
                0x80008c80      0x1b0 C:/devkitPro/libogc/lib/wii\libwiiuse.a(io.o)
                0x80008c80                wiiuse_disable_expansion
 .text.__wiiuse_connected
                0x80008e30       0x9c C:/devkitPro/libogc/lib/wii\libwiiuse.a(io_wii.o)
 .text.__wiiuse_disconnected
                0x80008ecc       0xb4 C:/devkitPro/libogc/lib/wii\libwiiuse.a(io_wii.o)
 .text.__wiiuse_receive
                0x80008f80       0xd0 C:/devkitPro/libogc/lib/wii\libwiiuse.a(io_wii.o)
 .text.__wiiuse_sensorbar_enable
                0x80009050       0x54 C:/devkitPro/libogc/lib/wii\libwiiuse.a(io_wii.o)
                0x80009050                __wiiuse_sensorbar_enable
 .text.wiiuse_register
                0x800090a4       0xf0 C:/devkitPro/libogc/lib/wii\libwiiuse.a(io_wii.o)
                0x800090a4                wiiuse_register
 .text.wiiuse_disconnect
                0x80009194       0x24 C:/devkitPro/libogc/lib/wii\libwiiuse.a(io_wii.o)
                0x80009194                wiiuse_disconnect
 .text.wiiuse_init_cmd_queue
                0x800091b8       0x9c C:/devkitPro/libogc/lib/wii\libwiiuse.a(io_wii.o)
                0x800091b8                wiiuse_init_cmd_queue
 .text.wiiuse_io_write
                0x80009254       0x1c C:/devkitPro/libogc/lib/wii\libwiiuse.a(io_wii.o)
                0x80009254                wiiuse_io_write
 .text.rotate_dots
                0x80009270      0x13c C:/devkitPro/libogc/lib/wii\libwiiuse.a(ir.o)
 .text.get_ir_sens.constprop.0.isra.0
                0x800093ac       0xdc C:/devkitPro/libogc/lib/wii\libwiiuse.a(ir.o)
 .text.wiiuse_set_ir_mode
                0x80009488       0x5c C:/devkitPro/libogc/lib/wii\libwiiuse.a(ir.o)
                0x80009488                wiiuse_set_ir_mode
 .text.wiiuse_set_ir
                0x800094e4      0x204 C:/devkitPro/libogc/lib/wii\libwiiuse.a(ir.o)
                0x800094e4                wiiuse_set_ir
 .text.wiiuse_set_ir_position
                0x800096e8       0x80 C:/devkitPro/libogc/lib/wii\libwiiuse.a(ir.o)
                0x800096e8                wiiuse_set_ir_position
 .text.wiiuse_set_aspect_ratio
                0x80009768       0xac C:/devkitPro/libogc/lib/wii\libwiiuse.a(ir.o)
                0x80009768                wiiuse_set_aspect_ratio
 .text.wiiuse_set_ir_sensitivity
                0x80009814       0xe4 C:/devkitPro/libogc/lib/wii\libwiiuse.a(ir.o)
                0x80009814                wiiuse_set_ir_sensitivity
 .text.calculate_basic_ir
                0x800098f8       0xe8 C:/devkitPro/libogc/lib/wii\libwiiuse.a(ir.o)
                0x800098f8                calculate_basic_ir
 .text.calculate_extended_ir
                0x800099e0       0x64 C:/devkitPro/libogc/lib/wii\libwiiuse.a(ir.o)
                0x800099e0                calculate_extended_ir
 .text.find_sensorbar
                0x80009a44      0xa00 C:/devkitPro/libogc/lib/wii\libwiiuse.a(ir.o)
                0x80009a44                find_sensorbar
 .text.apply_ir_smoothing
                0x8000a444      0x124 C:/devkitPro/libogc/lib/wii\libwiiuse.a(ir.o)
                0x8000a444                apply_ir_smoothing
 .text.interpret_ir_data
                0x8000a568      0x3c8 C:/devkitPro/libogc/lib/wii\libwiiuse.a(ir.o)
                0x8000a568                interpret_ir_data
 .text.nunchuk_handshake
                0x8000a930      0x31c C:/devkitPro/libogc/lib/wii\libwiiuse.a(nunchuk.o)
                0x8000a930                nunchuk_handshake
 .text.nunchuk_disconnected
                0x8000ac4c        0xc C:/devkitPro/libogc/lib/wii\libwiiuse.a(nunchuk.o)
                0x8000ac4c                nunchuk_disconnected
 .text.nunchuk_event
                0x8000ac58       0xe8 C:/devkitPro/libogc/lib/wii\libwiiuse.a(nunchuk.o)
                0x8000ac58                nunchuk_event
 .text.wii_board_handshake
                0x8000ad40      0x284 C:/devkitPro/libogc/lib/wii\libwiiuse.a(wiiboard.o)
                0x8000ad40                wii_board_handshake
 .text.wii_board_disconnected
                0x8000afc4        0xc C:/devkitPro/libogc/lib/wii\libwiiuse.a(wiiboard.o)
                0x8000afc4                wii_board_disconnected
 .text.wii_board_event
                0x8000afd0       0x24 C:/devkitPro/libogc/lib/wii\libwiiuse.a(wiiboard.o)
                0x8000afd0                wii_board_event
 .text.wiiuse_send_next_command
                0x8000aff4       0x58 C:/devkitPro/libogc/lib/wii\libwiiuse.a(wiiuse.o)
                0x8000aff4                wiiuse_send_next_command
 .text.wiiuse_init
                0x8000b04c      0x208 C:/devkitPro/libogc/lib/wii\libwiiuse.a(wiiuse.o)
                0x8000b04c                wiiuse_init
 .text.wiiuse_set_flags
                0x8000b254       0x28 C:/devkitPro/libogc/lib/wii\libwiiuse.a(wiiuse.o)
                0x8000b254                wiiuse_set_flags
 .text.wiiuse_read_data
                0x8000b27c      0x154 C:/devkitPro/libogc/lib/wii\libwiiuse.a(wiiuse.o)
                0x8000b27c                wiiuse_read_data
 .text.wiiuse_write_data
                0x8000b3d0      0x18c C:/devkitPro/libogc/lib/wii\libwiiuse.a(wiiuse.o)
                0x8000b3d0                wiiuse_write_data
 .text.wiiuse_sendcmd
                0x8000b55c      0x144 C:/devkitPro/libogc/lib/wii\libwiiuse.a(wiiuse.o)
                0x8000b55c                wiiuse_sendcmd
 .text.wiiuse_set_leds
                0x8000b6a0       0x50 C:/devkitPro/libogc/lib/wii\libwiiuse.a(wiiuse.o)
                0x8000b6a0                wiiuse_set_leds
 .text.wiiuse_set_report_type
                0x8000b6f0       0xb0 C:/devkitPro/libogc/lib/wii\libwiiuse.a(wiiuse.o)
                0x8000b6f0                wiiuse_set_report_type
 .text.wiiuse_status
                0x8000b7a0       0x4c C:/devkitPro/libogc/lib/wii\libwiiuse.a(wiiuse.o)
                0x8000b7a0                wiiuse_status
 .text.wiiuse_motion_sensing
                0x8000b7ec       0x84 C:/devkitPro/libogc/lib/wii\libwiiuse.a(wiiuse.o)
                0x8000b7ec                wiiuse_motion_sensing
 .text.wiiuse_set_speaker
                0x8000b870      0x24c C:/devkitPro/libogc/lib/wii\libwiiuse.a(speaker.o)
                0x8000b870                wiiuse_set_speaker
 .text.classic_ctrl_handshake
                0x8000babc      0x410 C:/devkitPro/libogc/lib/wii\libwiiuse.a(classic.o)
                0x8000babc                classic_ctrl_handshake
 .text.classic_ctrl_disconnected
                0x8000becc        0xc C:/devkitPro/libogc/lib/wii\libwiiuse.a(classic.o)
                0x8000becc                classic_ctrl_disconnected
 .text.classic_ctrl_event
                0x8000bed8      0x15c C:/devkitPro/libogc/lib/wii\libwiiuse.a(classic.o)
                0x8000bed8                classic_ctrl_event
 .text.handle_expansion
                0x8000c034       0x54 C:/devkitPro/libogc/lib/wii\libwiiuse.a(events.o)
 .text.parse_event
                0x8000c088      0x730 C:/devkitPro/libogc/lib/wii\libwiiuse.a(events.o)
                0x8000c088                parse_event
 .text.guitar_hero_3_handshake
                0x8000c7b8       0x5c C:/devkitPro/libogc/lib/wii\libwiiuse.a(guitar_hero_3.o)
                0x8000c7b8                guitar_hero_3_handshake
 .text.guitar_hero_3_disconnected
                0x8000c814        0xc C:/devkitPro/libogc/lib/wii\libwiiuse.a(guitar_hero_3.o)
                0x8000c814                guitar_hero_3_disconnected
 .text.guitar_hero_3_event
                0x8000c820       0x60 C:/devkitPro/libogc/lib/wii\libwiiuse.a(guitar_hero_3.o)
                0x8000c820                guitar_hero_3_event
 .text.acl_wlp_completed
                0x8000c880        0x8 C:/devkitPro/libogc/lib/wii\libbte.a(bte.o)
                0x8000c880                acl_wlp_completed
 .text.bt_alarmhandler
                0x8000c888       0x58 C:/devkitPro/libogc/lib/wii\libbte.a(bte.o)
 .text.__bte_send_pending_request
                0x8000c8e0      0x108 C:/devkitPro/libogc/lib/wii\libbte.a(bte.o)
 .text.acl_conn_complete
                0x8000c9e8       0x2c C:/devkitPro/libogc/lib/wii\libbte.a(bte.o)
                0x8000c9e8                acl_conn_complete
 .text.l2cap_accepted
                0x8000ca14      0x134 C:/devkitPro/libogc/lib/wii\libbte.a(bte.o)
                0x8000ca14                l2cap_accepted
 .text.l2cap_disconnect_cfm
                0x8000cb48      0x19c C:/devkitPro/libogc/lib/wii\libbte.a(bte.o)
                0x8000cb48                l2cap_disconnect_cfm
 .text.bte_process_input
                0x8000cce4      0x128 C:/devkitPro/libogc/lib/wii\libbte.a(bte.o)
 .text.l2cap_disconnected_ind
                0x8000ce0c      0x1a4 C:/devkitPro/libogc/lib/wii\libbte.a(bte.o)
                0x8000ce0c                l2cap_disconnected_ind
 .text.__bte_shutdown_finished
                0x8000cfb0       0xe0 C:/devkitPro/libogc/lib/wii\libbte.a(bte.o)
 .text.bte_hci_apply_patch_complete
                0x8000d090      0x164 C:/devkitPro/libogc/lib/wii\libbte.a(bte.o)
                0x8000d090                bte_hci_apply_patch_complete
 .text.bte_hci_patch_complete
                0x8000d1f4      0x380 C:/devkitPro/libogc/lib/wii\libbte.a(bte.o)
                0x8000d1f4                bte_hci_patch_complete
 .text.bte_hci_initcore_complete
                0x8000d574      0x280 C:/devkitPro/libogc/lib/wii\libbte.a(bte.o)
                0x8000d574                bte_hci_initcore_complete
 .text.bte_read_stored_link_key_complete
                0x8000d7f4      0x27c C:/devkitPro/libogc/lib/wii\libbte.a(bte.o)
                0x8000d7f4                bte_read_stored_link_key_complete
 .text.bte_hci_initcore_complete2
                0x8000da70      0x22c C:/devkitPro/libogc/lib/wii\libbte.a(bte.o)
 .text.bte_hci_initsub_complete
                0x8000dc9c      0x280 C:/devkitPro/libogc/lib/wii\libbte.a(bte.o)
                0x8000dc9c                bte_hci_initsub_complete
 .text.BTE_Init
                0x8000df1c      0x138 C:/devkitPro/libogc/lib/wii\libbte.a(bte.o)
                0x8000df1c                BTE_Init
 .text.BTE_Shutdown
                0x8000e054      0x100 C:/devkitPro/libogc/lib/wii\libbte.a(bte.o)
                0x8000e054                BTE_Shutdown
 .text.BTE_InitCore
                0x8000e154       0x8c C:/devkitPro/libogc/lib/wii\libbte.a(bte.o)
                0x8000e154                BTE_InitCore
 .text.BTE_ApplyPatch
                0x8000e1e0       0xa4 C:/devkitPro/libogc/lib/wii\libbte.a(bte.o)
                0x8000e1e0                BTE_ApplyPatch
 .text.BTE_InitSub
                0x8000e284       0x90 C:/devkitPro/libogc/lib/wii\libbte.a(bte.o)
                0x8000e284                BTE_InitSub
 .text.BTE_ReadStoredLinkKey
                0x8000e314       0x90 C:/devkitPro/libogc/lib/wii\libbte.a(bte.o)
                0x8000e314                BTE_ReadStoredLinkKey
 .text.BTE_SetDisconnectCallback
                0x8000e3a4        0x4 C:/devkitPro/libogc/lib/wii\libbte.a(bte.o)
                0x8000e3a4                BTE_SetDisconnectCallback
 .text.bte_new  0x8000e3a8       0x54 C:/devkitPro/libogc/lib/wii\libbte.a(bte.o)
                0x8000e3a8                bte_new
 .text.bte_registerdeviceasync
                0x8000e3fc      0x158 C:/devkitPro/libogc/lib/wii\libbte.a(bte.o)
                0x8000e3fc                bte_registerdeviceasync
 .text.bte_disconnect
                0x8000e554       0xd8 C:/devkitPro/libogc/lib/wii\libbte.a(bte.o)
                0x8000e554                bte_disconnect
 .text.bte_senddata
                0x8000e62c      0x104 C:/devkitPro/libogc/lib/wii\libbte.a(bte.o)
                0x8000e62c                bte_senddata
 .text.bte_arg  0x8000e730       0x38 C:/devkitPro/libogc/lib/wii\libbte.a(bte.o)
                0x8000e730                bte_arg
 .text.bte_received
                0x8000e768       0x38 C:/devkitPro/libogc/lib/wii\libbte.a(bte.o)
                0x8000e768                bte_received
 .text.bte_disconnected
                0x8000e7a0       0x38 C:/devkitPro/libogc/lib/wii\libbte.a(bte.o)
                0x8000e7a0                bte_disconnected
 .text.hci_get_link
                0x8000e7d8       0x84 C:/devkitPro/libogc/lib/wii\libbte.a(hci.o)
 .text.hci_init
                0x8000e85c       0x80 C:/devkitPro/libogc/lib/wii\libbte.a(hci.o)
                0x8000e85c                hci_init
 .text.hci_close
                0x8000e8dc       0xd0 C:/devkitPro/libogc/lib/wii\libbte.a(hci.o)
                0x8000e8dc                hci_close
 .text.hci_reset_all
                0x8000e9ac       0xb8 C:/devkitPro/libogc/lib/wii\libbte.a(hci.o)
                0x8000e9ac                hci_reset_all
 .text.hci_arg  0x8000ea64        0xc C:/devkitPro/libogc/lib/wii\libbte.a(hci.o)
                0x8000ea64                hci_arg
 .text.hci_cmd_complete
                0x8000ea70        0xc C:/devkitPro/libogc/lib/wii\libbte.a(hci.o)
                0x8000ea70                hci_cmd_complete
 .text.hci_connection_complete
                0x8000ea7c        0xc C:/devkitPro/libogc/lib/wii\libbte.a(hci.o)
                0x8000ea7c                hci_connection_complete
 .text.hci_wlp_complete
                0x8000ea88        0xc C:/devkitPro/libogc/lib/wii\libbte.a(hci.o)
                0x8000ea88                hci_wlp_complete
 .text.hci_reset
                0x8000ea94       0xac C:/devkitPro/libogc/lib/wii\libbte.a(hci.o)
                0x8000ea94                hci_reset
 .text.hci_read_buffer_size
                0x8000eb40       0xac C:/devkitPro/libogc/lib/wii\libbte.a(hci.o)
                0x8000eb40                hci_read_buffer_size
 .text.hci_read_bd_addr
                0x8000ebec       0xac C:/devkitPro/libogc/lib/wii\libbte.a(hci.o)
                0x8000ebec                hci_read_bd_addr
 .text.hci_read_local_version
                0x8000ec98       0xa8 C:/devkitPro/libogc/lib/wii\libbte.a(hci.o)
                0x8000ec98                hci_read_local_version
 .text.hci_read_local_features
                0x8000ed40       0xac C:/devkitPro/libogc/lib/wii\libbte.a(hci.o)
                0x8000ed40                hci_read_local_features
 .text.hci_read_stored_link_key
                0x8000edec      0x100 C:/devkitPro/libogc/lib/wii\libbte.a(hci.o)
                0x8000edec                hci_read_stored_link_key
 .text.hci_write_page_timeout
                0x8000eeec       0xd0 C:/devkitPro/libogc/lib/wii\libbte.a(hci.o)
                0x8000eeec                hci_write_page_timeout
 .text.hci_write_scan_enable
                0x8000efbc       0xbc C:/devkitPro/libogc/lib/wii\libbte.a(hci.o)
                0x8000efbc                hci_write_scan_enable
 .text.hci_accecpt_conn_request
                0x8000f078       0xe0 C:/devkitPro/libogc/lib/wii\libbte.a(hci.o)
                0x8000f078                hci_accecpt_conn_request
 .text.hci_write_local_name
                0x8000f158       0xd8 C:/devkitPro/libogc/lib/wii\libbte.a(hci.o)
                0x8000f158                hci_write_local_name
 .text.hci_write_pin_type
                0x8000f230       0xbc C:/devkitPro/libogc/lib/wii\libbte.a(hci.o)
                0x8000f230                hci_write_pin_type
 .text.hci_write_inquiry_mode
                0x8000f2ec       0xbc C:/devkitPro/libogc/lib/wii\libbte.a(hci.o)
                0x8000f2ec                hci_write_inquiry_mode
 .text.hci_write_page_scan_type
                0x8000f3a8       0xbc C:/devkitPro/libogc/lib/wii\libbte.a(hci.o)
                0x8000f3a8                hci_write_page_scan_type
 .text.hci_write_inquiry_scan_type
                0x8000f464       0xbc C:/devkitPro/libogc/lib/wii\libbte.a(hci.o)
                0x8000f464                hci_write_inquiry_scan_type
 .text.hci_vendor_specific_command
                0x8000f520       0xe8 C:/devkitPro/libogc/lib/wii\libbte.a(hci.o)
                0x8000f520                hci_vendor_specific_command
 .text.hci_write_link_policy_settings
                0x8000f608      0x104 C:/devkitPro/libogc/lib/wii\libbte.a(hci.o)
                0x8000f608                hci_write_link_policy_settings
 .text.hci_pin_code_request_neg_reply
                0x8000f70c       0xcc C:/devkitPro/libogc/lib/wii\libbte.a(hci.o)
                0x8000f70c                hci_pin_code_request_neg_reply
 .text.hci_link_key_req_neg_reply
                0x8000f7d8       0xcc C:/devkitPro/libogc/lib/wii\libbte.a(hci.o)
                0x8000f7d8                hci_link_key_req_neg_reply
 .text.hci_disconnect
                0x8000f8a4       0xfc C:/devkitPro/libogc/lib/wii\libbte.a(hci.o)
                0x8000f8a4                hci_disconnect
 .text.hci_write_cod
                0x8000f9a0       0xcc C:/devkitPro/libogc/lib/wii\libbte.a(hci.o)
                0x8000f9a0                hci_write_cod
 .text.hci_host_buffer_size
                0x8000fa6c      0x10c C:/devkitPro/libogc/lib/wii\libbte.a(hci.o)
                0x8000fa6c                hci_host_buffer_size
 .text.hci_host_num_comp_packets
                0x8000fb78      0x108 C:/devkitPro/libogc/lib/wii\libbte.a(hci.o)
                0x8000fb78                hci_host_num_comp_packets
 .text.lp_pdu_maxsize
                0x8000fc80        0xc C:/devkitPro/libogc/lib/wii\libbte.a(hci.o)
                0x8000fc80                lp_pdu_maxsize
 .text.lp_acl_write
                0x8000fc8c      0x158 C:/devkitPro/libogc/lib/wii\libbte.a(hci.o)
                0x8000fc8c                lp_acl_write
 .text.lp_write_flush_timeout
                0x8000fde4      0x104 C:/devkitPro/libogc/lib/wii\libbte.a(hci.o)
                0x8000fde4                lp_write_flush_timeout
 .text.hci_event_handler
                0x8000fee8      0xc7c C:/devkitPro/libogc/lib/wii\libbte.a(hci.o)
                0x8000fee8                hci_event_handler
 .text.hci_acldata_handler
                0x80010b64      0x11c C:/devkitPro/libogc/lib/wii\libbte.a(hci.o)
                0x80010b64                hci_acldata_handler
 .text.l2cap_init
                0x80010c80       0x60 C:/devkitPro/libogc/lib/wii\libbte.a(l2cap.o)
                0x80010c80                l2cap_init
 .text.l2cap_write
                0x80010ce0      0x1a0 C:/devkitPro/libogc/lib/wii\libbte.a(l2cap.o)
                0x80010ce0                l2cap_write
 .text.l2cap_new
                0x80010e80       0x60 C:/devkitPro/libogc/lib/wii\libbte.a(l2cap.o)
                0x80010e80                l2cap_new
 .text.l2cap_close
                0x80010ee0      0x1d4 C:/devkitPro/libogc/lib/wii\libbte.a(l2cap.o)
                0x80010ee0                l2cap_close
 .text.l2cap_reset_all
                0x800110b4      0x154 C:/devkitPro/libogc/lib/wii\libbte.a(l2cap.o)
                0x800110b4                l2cap_reset_all
 .text.l2cap_signal
                0x80011208      0x204 C:/devkitPro/libogc/lib/wii\libbte.a(l2cap.o)
                0x80011208                l2cap_signal
 .text.l2ca_config_req
                0x8001140c      0x158 C:/devkitPro/libogc/lib/wii\libbte.a(l2cap.o)
                0x8001140c                l2ca_config_req
 .text.l2ca_disconnect_req
                0x80011564       0xcc C:/devkitPro/libogc/lib/wii\libbte.a(l2cap.o)
                0x80011564                l2ca_disconnect_req
 .text.l2cap_tmr
                0x80011630      0x260 C:/devkitPro/libogc/lib/wii\libbte.a(l2cap.o)
                0x80011630                l2cap_tmr
 .text.l2cap_process_sig
                0x80011890     0x1334 C:/devkitPro/libogc/lib/wii\libbte.a(l2cap.o)
                0x80011890                l2cap_process_sig
 .text.l2cap_input
                0x80012bc4      0x578 C:/devkitPro/libogc/lib/wii\libbte.a(l2cap.o)
                0x80012bc4                l2cap_input
 .text.l2ca_datawrite
                0x8001313c      0x128 C:/devkitPro/libogc/lib/wii\libbte.a(l2cap.o)
                0x8001313c                l2ca_datawrite
 .text.lp_connect_cfm
                0x80013264      0x184 C:/devkitPro/libogc/lib/wii\libbte.a(l2cap.o)
                0x80013264                lp_connect_cfm
 .text.lp_connect_ind
                0x800133e8        0x4 C:/devkitPro/libogc/lib/wii\libbte.a(l2cap.o)
                0x800133e8                lp_connect_ind
 .text.lp_disconnect_ind
                0x800133ec      0x124 C:/devkitPro/libogc/lib/wii\libbte.a(l2cap.o)
                0x800133ec                lp_disconnect_ind
 .text.l2cap_disconnect_bb
                0x80013510       0x10 C:/devkitPro/libogc/lib/wii\libbte.a(l2cap.o)
                0x80013510                l2cap_disconnect_bb
 .text.l2cap_arg
                0x80013520        0x8 C:/devkitPro/libogc/lib/wii\libbte.a(l2cap.o)
                0x80013520                l2cap_arg
 .text.l2cap_connect_ind
                0x80013528      0x104 C:/devkitPro/libogc/lib/wii\libbte.a(l2cap.o)
                0x80013528                l2cap_connect_ind
 .text.l2cap_disconnect_ind
                0x8001362c        0x8 C:/devkitPro/libogc/lib/wii\libbte.a(l2cap.o)
                0x8001362c                l2cap_disconnect_ind
 .text.l2cap_recv
                0x80013634        0x8 C:/devkitPro/libogc/lib/wii\libbte.a(l2cap.o)
                0x80013634                l2cap_recv
 .text.btmemb_init
                0x8001363c       0x24 C:/devkitPro/libogc/lib/wii\libbte.a(btmemb.o)
                0x8001363c                btmemb_init
 .text.btmemb_alloc
                0x80013660       0x98 C:/devkitPro/libogc/lib/wii\libbte.a(btmemb.o)
                0x80013660                btmemb_alloc
 .text.btmemb_free
                0x800136f8      0x114 C:/devkitPro/libogc/lib/wii\libbte.a(btmemb.o)
                0x800136f8                btmemb_free
 .text.plug_holes
                0x8001380c       0xac C:/devkitPro/libogc/lib/wii\libbte.a(btmemr.o)
 .text.btmemr_init
                0x800138b8       0xa4 C:/devkitPro/libogc/lib/wii\libbte.a(btmemr.o)
                0x800138b8                btmemr_init
 .text.btmemr_malloc
                0x8001395c      0x17c C:/devkitPro/libogc/lib/wii\libbte.a(btmemr.o)
                0x8001395c                btmemr_malloc
 .text.btmemr_free
                0x80013ad8       0x98 C:/devkitPro/libogc/lib/wii\libbte.a(btmemr.o)
                0x80013ad8                btmemr_free
 .text.btmemr_realloc
                0x80013b70      0x108 C:/devkitPro/libogc/lib/wii\libbte.a(btmemr.o)
                0x80013b70                btmemr_realloc
 .text.btpbuf_init
                0x80013c78       0x28 C:/devkitPro/libogc/lib/wii\libbte.a(btpbuf.o)
                0x80013c78                btpbuf_init
 .text.btpbuf_free
                0x80013ca0      0x11c C:/devkitPro/libogc/lib/wii\libbte.a(btpbuf.o)
                0x80013ca0                btpbuf_free
 .text.btpbuf_alloc
                0x80013dbc      0x250 C:/devkitPro/libogc/lib/wii\libbte.a(btpbuf.o)
                0x80013dbc                btpbuf_alloc
 .text.btpbuf_realloc
                0x8001400c      0x110 C:/devkitPro/libogc/lib/wii\libbte.a(btpbuf.o)
                0x8001400c                btpbuf_realloc
 .text.btpbuf_header
                0x8001411c       0x84 C:/devkitPro/libogc/lib/wii\libbte.a(btpbuf.o)
                0x8001411c                btpbuf_header
 .text.btpbuf_ref
                0x800141a0       0x48 C:/devkitPro/libogc/lib/wii\libbte.a(btpbuf.o)
                0x800141a0                btpbuf_ref
 .text.btpbuf_chain
                0x800141e8       0x9c C:/devkitPro/libogc/lib/wii\libbte.a(btpbuf.o)
                0x800141e8                btpbuf_chain
 .text.btpbuf_dechain
                0x80014284       0x7c C:/devkitPro/libogc/lib/wii\libbte.a(btpbuf.o)
                0x80014284                btpbuf_dechain
 .text.btpbuf_take
                0x80014300      0x13c C:/devkitPro/libogc/lib/wii\libbte.a(btpbuf.o)
                0x80014300                btpbuf_take
 .text.__usb_closeCB
                0x8001443c       0x10 C:/devkitPro/libogc/lib/wii\libbte.a(physbusif.o)
 .text.__writebulkmsgCB
                0x8001444c       0x3c C:/devkitPro/libogc/lib/wii\libbte.a(physbusif.o)
 .text.__writectrlmsgCB
                0x80014488       0x3c C:/devkitPro/libogc/lib/wii\libbte.a(physbusif.o)
 .text.__issue_intrread.part.0
                0x800144c4       0x80 C:/devkitPro/libogc/lib/wii\libbte.a(physbusif.o)
 .text.__readintrdataCB
                0x80014544      0x148 C:/devkitPro/libogc/lib/wii\libbte.a(physbusif.o)
 .text.__issue_bulkread.part.0
                0x8001468c       0x80 C:/devkitPro/libogc/lib/wii\libbte.a(physbusif.o)
 .text.__readbulkdataCB
                0x8001470c      0x148 C:/devkitPro/libogc/lib/wii\libbte.a(physbusif.o)
 .text.physbusif_init
                0x80014854      0x1ec C:/devkitPro/libogc/lib/wii\libbte.a(physbusif.o)
                0x80014854                physbusif_init
 .text.physbusif_close
                0x80014a40       0x20 C:/devkitPro/libogc/lib/wii\libbte.a(physbusif.o)
                0x80014a40                physbusif_close
 .text.physbusif_shutdown
                0x80014a60       0x24 C:/devkitPro/libogc/lib/wii\libbte.a(physbusif.o)
                0x80014a60                physbusif_shutdown
 .text.physbusif_reset_all
                0x80014a84        0x4 C:/devkitPro/libogc/lib/wii\libbte.a(physbusif.o)
                0x80014a84                physbusif_reset_all
 .text.physbusif_output
                0x80014a88      0x1c4 C:/devkitPro/libogc/lib/wii\libbte.a(physbusif.o)
                0x80014a88                physbusif_output
 .text.__console_clear_line
                0x80014c4c       0xb4 C:/devkitPro/libogc/lib/wii\libogc.a(console.o)
 .text.__console_clear
                0x80014d00       0xbc C:/devkitPro/libogc/lib/wii\libogc.a(console.o)
 .text.__console_write
                0x80014dbc      0x82c C:/devkitPro/libogc/lib/wii\libogc.a(console.o)
                0x80014dbc                __console_write
 .text.__console_init
                0x800155e8      0x120 C:/devkitPro/libogc/lib/wii\libogc.a(console.o)
                0x800155e8                __console_init
 .text.CON_Init
                0x80015708        0x4 C:/devkitPro/libogc/lib/wii\libogc.a(console.o)
                0x80015708                CON_Init
 .text.CON_GetMetrics
                0x8001570c       0x20 C:/devkitPro/libogc/lib/wii\libogc.a(console.o)
                0x8001570c                CON_GetMetrics
 .text.CON_EnableGecko
                0x8001572c      0x100 C:/devkitPro/libogc/lib/wii\libogc.a(console.o)
                0x8001572c                CON_EnableGecko
 .text.__lwp_queue_initialize
                0x8001582c       0x98 C:/devkitPro/libogc/lib/wii\libogc.a(lwp_queue.o)
                0x8001582c                __lwp_queue_initialize
 .text.__lwp_queue_get
                0x800158c4       0x74 C:/devkitPro/libogc/lib/wii\libogc.a(lwp_queue.o)
                0x800158c4                __lwp_queue_get
 .text.__lwp_queue_append
                0x80015938       0x4c C:/devkitPro/libogc/lib/wii\libogc.a(lwp_queue.o)
                0x80015938                __lwp_queue_append
 .text.__syscall_getreent
                0x80015984       0x24 C:/devkitPro/libogc/lib/wii\libogc.a(lwp_threads.o)
                0x80015984                __syscall_getreent
 .text.__lwp_isr_in_progress
                0x800159a8        0x8 C:/devkitPro/libogc/lib/wii\libogc.a(lwp_threads.o)
                0x800159a8                __lwp_isr_in_progress
 .text.__thread_dispatch_fp
                0x800159b0       0x88 C:/devkitPro/libogc/lib/wii\libogc.a(lwp_threads.o)
                0x800159b0                __thread_dispatch_fp
 .text.__thread_dispatch
                0x80015a38       0xf4 C:/devkitPro/libogc/lib/wii\libogc.a(lwp_threads.o)
                0x80015a38                __thread_dispatch
 .text.__lwp_thread_resettimeslice
                0x80015b2c       0xb4 C:/devkitPro/libogc/lib/wii\libogc.a(lwp_threads.o)
                0x80015b2c                __lwp_thread_resettimeslice
 .text.__lwp_thread_tickle_timeslice
                0x80015be0       0xc8 C:/devkitPro/libogc/lib/wii\libogc.a(lwp_threads.o)
                0x80015be0                __lwp_thread_tickle_timeslice
 .text.__lwp_thread_setstate
                0x80015ca8      0x16c C:/devkitPro/libogc/lib/wii\libogc.a(lwp_threads.o)
                0x80015ca8                __lwp_thread_setstate
 .text.__lwp_thread_clearstate
                0x80015e14       0xe4 C:/devkitPro/libogc/lib/wii\libogc.a(lwp_threads.o)
                0x80015e14                __lwp_thread_clearstate
 .text.__lwp_thread_delayended
                0x80015ef8       0x48 C:/devkitPro/libogc/lib/wii\libogc.a(lwp_threads.o)
                0x80015ef8                __lwp_thread_delayended
 .text.__lwp_thread_settransient
                0x80015f40       0xb4 C:/devkitPro/libogc/lib/wii\libogc.a(lwp_threads.o)
                0x80015f40                __lwp_thread_settransient
 .text.__lwp_thread_changepriority
                0x80015ff4      0x1f8 C:/devkitPro/libogc/lib/wii\libogc.a(lwp_threads.o)
                0x80015ff4                __lwp_thread_changepriority
 .text.__lwp_thread_ready
                0x800161ec       0xf0 C:/devkitPro/libogc/lib/wii\libogc.a(lwp_threads.o)
                0x800161ec                __lwp_thread_ready
 .text.__lwp_thread_init
                0x800162dc      0x160 C:/devkitPro/libogc/lib/wii\libogc.a(lwp_threads.o)
                0x800162dc                __lwp_thread_init
 .text.__lwp_thread_close
                0x8001643c      0x144 C:/devkitPro/libogc/lib/wii\libogc.a(lwp_threads.o)
                0x8001643c                __lwp_thread_close
 .text.__lwp_thread_handler
                0x80016580       0xc0 C:/devkitPro/libogc/lib/wii\libogc.a(lwp_threads.o)
 .text.__lwp_thread_closeall
                0x80016640       0xb0 C:/devkitPro/libogc/lib/wii\libogc.a(lwp_threads.o)
                0x80016640                __lwp_thread_closeall
 .text.__lwp_thread_start
                0x800166f0      0x150 C:/devkitPro/libogc/lib/wii\libogc.a(lwp_threads.o)
                0x800166f0                __lwp_thread_start
 .text.__lwp_thread_startmultitasking
                0x80016840       0xac C:/devkitPro/libogc/lib/wii\libogc.a(lwp_threads.o)
                0x80016840                __lwp_thread_startmultitasking
 .text.__lwp_thread_stopmultitasking
                0x800168ec       0x58 C:/devkitPro/libogc/lib/wii\libogc.a(lwp_threads.o)
                0x800168ec                __lwp_thread_stopmultitasking
 .text.__lwp_thread_coreinit
                0x80016944       0xc4 C:/devkitPro/libogc/lib/wii\libogc.a(lwp_threads.o)
                0x80016944                __lwp_thread_coreinit
 .text.idle_func
                0x80016a08        0x4 C:/devkitPro/libogc/lib/wii\libogc.a(lwp.o)
 .text.__lwp_sysinit
                0x80016a0c      0x114 C:/devkitPro/libogc/lib/wii\libogc.a(lwp.o)
                0x80016a0c                __lwp_sysinit
 .text.LWP_InitQueue
                0x80016b20      0x140 C:/devkitPro/libogc/lib/wii\libogc.a(lwp.o)
                0x80016b20                LWP_InitQueue
 .text.LWP_CloseQueue
                0x80016c60       0xd4 C:/devkitPro/libogc/lib/wii\libogc.a(lwp.o)
                0x80016c60                LWP_CloseQueue
 .text.LWP_ThreadSleep
                0x80016d34       0xf8 C:/devkitPro/libogc/lib/wii\libogc.a(lwp.o)
                0x80016d34                LWP_ThreadSleep
 .text.LWP_ThreadBroadcast
                0x80016e2c       0x88 C:/devkitPro/libogc/lib/wii\libogc.a(lwp.o)
                0x80016e2c                LWP_ThreadBroadcast
 .text.LWP_ThreadSignal
                0x80016eb4       0x74 C:/devkitPro/libogc/lib/wii\libogc.a(lwp.o)
                0x80016eb4                LWP_ThreadSignal
 .text.__lwp_stack_allocate
                0x80016f28       0x60 C:/devkitPro/libogc/lib/wii\libogc.a(lwp_stack.o)
                0x80016f28                __lwp_stack_allocate
 .text.__lwp_stack_free
                0x80016f88       0x1c C:/devkitPro/libogc/lib/wii\libogc.a(lwp_stack.o)
                0x80016f88                __lwp_stack_free
 .text.__lwp_wd_settimer
                0x80016fa4       0xe0 C:/devkitPro/libogc/lib/wii\libogc.a(lwp_watchdog.o)
 .text.__lwp_watchdog_init
                0x80017084       0x2c C:/devkitPro/libogc/lib/wii\libogc.a(lwp_watchdog.o)
                0x80017084                __lwp_watchdog_init
 .text.__lwp_wd_insert
                0x800170b0      0x194 C:/devkitPro/libogc/lib/wii\libogc.a(lwp_watchdog.o)
                0x800170b0                __lwp_wd_insert
 .text.__lwp_wd_remove
                0x80017244      0x138 C:/devkitPro/libogc/lib/wii\libogc.a(lwp_watchdog.o)
                0x80017244                __lwp_wd_remove
 .text.__lwp_wd_tickle
                0x8001737c      0x120 C:/devkitPro/libogc/lib/wii\libogc.a(lwp_watchdog.o)
                0x8001737c                __lwp_wd_tickle
 .text.__lwp_wkspace_init
                0x8001749c       0xc0 C:/devkitPro/libogc/lib/wii\libogc.a(lwp_wkspace.o)
                0x8001749c                __lwp_wkspace_init
 .text.__lwp_objmgr_initinfo
                0x8001755c      0x1a0 C:/devkitPro/libogc/lib/wii\libogc.a(lwp_objmgr.o)
                0x8001755c                __lwp_objmgr_initinfo
 .text.__lwp_objmgr_getisrdisable
                0x800176fc       0x60 C:/devkitPro/libogc/lib/wii\libogc.a(lwp_objmgr.o)
                0x800176fc                __lwp_objmgr_getisrdisable
 .text.__lwp_objmgr_getnoprotection
                0x8001775c       0x24 C:/devkitPro/libogc/lib/wii\libogc.a(lwp_objmgr.o)
                0x8001775c                __lwp_objmgr_getnoprotection
 .text.__lwp_objmgr_get
                0x80017780       0x6c C:/devkitPro/libogc/lib/wii\libogc.a(lwp_objmgr.o)
                0x80017780                __lwp_objmgr_get
 .text.__lwp_objmgr_allocate
                0x800177ec       0x88 C:/devkitPro/libogc/lib/wii\libogc.a(lwp_objmgr.o)
                0x800177ec                __lwp_objmgr_allocate
 .text.__lwp_objmgr_free
                0x80017874       0x60 C:/devkitPro/libogc/lib/wii\libogc.a(lwp_objmgr.o)
                0x80017874                __lwp_objmgr_free
 .text.__lwp_heap_init
                0x800178d4       0xa4 C:/devkitPro/libogc/lib/wii\libogc.a(lwp_heap.o)
                0x800178d4                __lwp_heap_init
 .text.__lwp_heap_allocate
                0x80017978      0x160 C:/devkitPro/libogc/lib/wii\libogc.a(lwp_heap.o)
                0x80017978                __lwp_heap_allocate
 .text.__lwp_heap_free
                0x80017ad8      0x188 C:/devkitPro/libogc/lib/wii\libogc.a(lwp_heap.o)
                0x80017ad8                __lwp_heap_free
 .text.__SetInterrupts
                0x80017c60      0x268 C:/devkitPro/libogc/lib/wii\libogc.a(irq.o)
 .text.c_irqdispatcher
                0x80017ec8      0x278 C:/devkitPro/libogc/lib/wii\libogc.a(irq.o)
                0x80017ec8                c_irqdispatcher
 .text.__UnmaskIrq
                0x80018140       0x84 C:/devkitPro/libogc/lib/wii\libogc.a(irq.o)
                0x80018140                __UnmaskIrq
 .text.__MaskIrq
                0x800181c4       0x84 C:/devkitPro/libogc/lib/wii\libogc.a(irq.o)
                0x800181c4                __MaskIrq
 .text.__irq_init
                0x80018248       0x84 C:/devkitPro/libogc/lib/wii\libogc.a(irq.o)
                0x80018248                __irq_init
 .text.IRQ_Request
                0x800182cc       0x50 C:/devkitPro/libogc/lib/wii\libogc.a(irq.o)
                0x800182cc                IRQ_Request
 .text.IRQ_GetHandler
                0x8001831c       0x44 C:/devkitPro/libogc/lib/wii\libogc.a(irq.o)
                0x8001831c                IRQ_GetHandler
 .text.IRQ_Disable
                0x80018360       0x1c C:/devkitPro/libogc/lib/wii\libogc.a(irq.o)
                0x80018360                IRQ_Disable
 .text.IRQ_Restore
                0x8001837c       0x1c C:/devkitPro/libogc/lib/wii\libogc.a(irq.o)
                0x8001837c                IRQ_Restore
 .text.__VISendI2CData.constprop.0.isra.0
                0x80018398      0x450 C:/devkitPro/libogc/lib/wii\libogc.a(video.o)
 .text.__setFbbRegs.constprop.0
                0x800187e8      0x190 C:/devkitPro/libogc/lib/wii\libogc.a(video.o)
 .text.__VISetYUVSEL
                0x80018978       0xb8 C:/devkitPro/libogc/lib/wii\libogc.a(video.o)
 .text.VIDEO_Configure
                0x80018a30      0x5ec C:/devkitPro/libogc/lib/wii\libogc.a(video.o)
                0x80018a30                VIDEO_Configure
 .text.VIDEO_WaitVSync
                0x8001901c       0x74 C:/devkitPro/libogc/lib/wii\libogc.a(video.o)
                0x8001901c                VIDEO_WaitVSync
 .text.VIDEO_SetFramebuffer
                0x80019090      0x108 C:/devkitPro/libogc/lib/wii\libogc.a(video.o)
                0x80019090                VIDEO_SetFramebuffer
 .text.VIDEO_SetNextFramebuffer
                0x80019198       0x70 C:/devkitPro/libogc/lib/wii\libogc.a(video.o)
                0x80019198                VIDEO_SetNextFramebuffer
 .text.VIDEO_Flush
                0x80019208       0xf4 C:/devkitPro/libogc/lib/wii\libogc.a(video.o)
                0x80019208                VIDEO_Flush
 .text.VIDEO_SetBlack
                0x800192fc      0x15c C:/devkitPro/libogc/lib/wii\libogc.a(video.o)
                0x800192fc                VIDEO_SetBlack
 .text.VIDEO_GetCurrentTvMode
                0x80019458       0x78 C:/devkitPro/libogc/lib/wii\libogc.a(video.o)
                0x80019458                VIDEO_GetCurrentTvMode
 .text.__VIRetraceHandler
                0x800194d0      0x298 C:/devkitPro/libogc/lib/wii\libogc.a(video.o)
 .text.__VISetupEncoder
                0x80019768      0x2cc C:/devkitPro/libogc/lib/wii\libogc.a(video.o)
 .text.VIDEO_Init
                0x80019a34      0x4e4 C:/devkitPro/libogc/lib/wii\libogc.a(video.o)
                0x80019a34                VIDEO_Init
 .text.VIDEO_GetPreferredMode
                0x80019f18      0x108 C:/devkitPro/libogc/lib/wii\libogc.a(video.o)
                0x80019f18                VIDEO_GetPreferredMode
 .text.VIDEO_GetCurrentLine
                0x8001a020       0x9c C:/devkitPro/libogc/lib/wii\libogc.a(video.o)
                0x8001a020                VIDEO_GetCurrentLine
 .text.VIDEO_GetFrameBufferSize
                0x8001a0bc       0x34 C:/devkitPro/libogc/lib/wii\libogc.a(video.o)
                0x8001a0bc                VIDEO_GetFrameBufferSize
 .text.VIDEO_ClearFrameBuffer
                0x8001a0f0       0x3c C:/devkitPro/libogc/lib/wii\libogc.a(video.o)
                0x8001a0f0                VIDEO_ClearFrameBuffer
 .text.__call_resetfuncs
                0x8001a12c       0xbc C:/devkitPro/libogc/lib/wii\libogc.a(system.o)
 .text.__MEMInterruptHandler
                0x8001a1e8       0x14 C:/devkitPro/libogc/lib/wii\libogc.a(system.o)
 .text.__RSWDefaultHandler
                0x8001a1fc        0x4 C:/devkitPro/libogc/lib/wii\libogc.a(system.o)
 .text.__POWDefaultHandler
                0x8001a200        0x4 C:/devkitPro/libogc/lib/wii\libogc.a(system.o)
 .text.__STMEventHandler
                0x8001a204      0x104 C:/devkitPro/libogc/lib/wii\libogc.a(system.o)
 .text.__getrtc
                0x8001a308      0x13c C:/devkitPro/libogc/lib/wii\libogc.a(system.o)
 .text.__sram_write
                0x8001a444      0x130 C:/devkitPro/libogc/lib/wii\libogc.a(system.o)
 .text.__sram_writecallback
                0x8001a574       0x54 C:/devkitPro/libogc/lib/wii\libogc.a(system.o)
 .text.__mem_onreset
                0x8001a5c8       0x48 C:/devkitPro/libogc/lib/wii\libogc.a(system.o)
 .text.__unlocksram
                0x8001a610      0x174 C:/devkitPro/libogc/lib/wii\libogc.a(system.o)
 .text.__sys_alarmhandler
                0x8001a784      0x154 C:/devkitPro/libogc/lib/wii\libogc.a(system.o)
 .text.__syscall_malloc_lock
                0x8001a8d8        0x4 C:/devkitPro/libogc/lib/wii\libogc.a(system.o)
                0x8001a8d8                __syscall_malloc_lock
 .text.__syscall_malloc_unlock
                0x8001a8dc        0x4 C:/devkitPro/libogc/lib/wii\libogc.a(system.o)
                0x8001a8dc                __syscall_malloc_unlock
 .text.__syscall_nanosleep
                0x8001a8e0        0x4 C:/devkitPro/libogc/lib/wii\libogc.a(system.o)
                0x8001a8e0                __syscall_nanosleep
 .text.__SYS_GetRTC
                0x8001a8e4       0xa0 C:/devkitPro/libogc/lib/wii\libogc.a(system.o)
                0x8001a8e4                __SYS_GetRTC
 .text.__SYS_SetBootTime
                0x8001a984      0x108 C:/devkitPro/libogc/lib/wii\libogc.a(system.o)
                0x8001a984                __SYS_SetBootTime
 .text.__SYS_GetIPCBufferLo
                0x8001aa8c        0x8 C:/devkitPro/libogc/lib/wii\libogc.a(system.o)
                0x8001aa8c                __SYS_GetIPCBufferLo
 .text.__SYS_GetIPCBufferHi
                0x8001aa94        0x8 C:/devkitPro/libogc/lib/wii\libogc.a(system.o)
                0x8001aa94                __SYS_GetIPCBufferHi
 .text.__SYS_DoPowerCB
                0x8001aa9c       0x74 C:/devkitPro/libogc/lib/wii\libogc.a(system.o)
                0x8001aa9c                __SYS_DoPowerCB
 .text.__SYS_PreInit
                0x8001ab10        0x4 C:/devkitPro/libogc/lib/wii\libogc.a(system.o)
                0x8001ab10                __SYS_PreInit
 .text.SYS_PreMain
                0x8001ab14       0x7c C:/devkitPro/libogc/lib/wii\libogc.a(system.o)
                0x8001ab14                SYS_PreMain
 .text.SYS_ResetButtonDown
                0x8001ab90       0x18 C:/devkitPro/libogc/lib/wii\libogc.a(system.o)
                0x8001ab90                SYS_ResetButtonDown
 .text.SYS_ResetSystem
                0x8001aba8      0x210 C:/devkitPro/libogc/lib/wii\libogc.a(system.o)
                0x8001aba8                SYS_ResetSystem
 .text.__reload
                0x8001adb8       0x80 C:/devkitPro/libogc/lib/wii\libogc.a(system.o)
                0x8001adb8                __reload
 .text.__syscall_exit
                0x8001ae38       0x88 C:/devkitPro/libogc/lib/wii\libogc.a(system.o)
                0x8001ae38                __syscall_exit
 .text.SYS_RegisterResetFunc
                0x8001aec0       0x78 C:/devkitPro/libogc/lib/wii\libogc.a(system.o)
                0x8001aec0                SYS_RegisterResetFunc
 .text.SYS_SetArena1Lo
                0x8001af38       0x38 C:/devkitPro/libogc/lib/wii\libogc.a(system.o)
                0x8001af38                SYS_SetArena1Lo
 .text.SYS_GetArena1Lo
                0x8001af70       0x38 C:/devkitPro/libogc/lib/wii\libogc.a(system.o)
                0x8001af70                SYS_GetArena1Lo
 .text.SYS_GetArena1Hi
                0x8001afa8       0x38 C:/devkitPro/libogc/lib/wii\libogc.a(system.o)
                0x8001afa8                SYS_GetArena1Hi
 .text.SYS_SetArena2Lo
                0x8001afe0       0x38 C:/devkitPro/libogc/lib/wii\libogc.a(system.o)
                0x8001afe0                SYS_SetArena2Lo
 .text.SYS_GetArena2Lo
                0x8001b018       0x38 C:/devkitPro/libogc/lib/wii\libogc.a(system.o)
                0x8001b018                SYS_GetArena2Lo
 .text.SYS_SetArena2Hi
                0x8001b050       0x38 C:/devkitPro/libogc/lib/wii\libogc.a(system.o)
                0x8001b050                SYS_SetArena2Hi
 .text.SYS_GetArena2Hi
                0x8001b088       0x38 C:/devkitPro/libogc/lib/wii\libogc.a(system.o)
                0x8001b088                SYS_GetArena2Hi
 .text.SYS_AllocateFramebuffer
                0x8001b0c0       0x28 C:/devkitPro/libogc/lib/wii\libogc.a(system.o)
                0x8001b0c0                SYS_AllocateFramebuffer
 .text.SYS_CreateAlarm
                0x8001b0e8       0xf0 C:/devkitPro/libogc/lib/wii\libogc.a(system.o)
                0x8001b0e8                SYS_CreateAlarm
 .text.SYS_SetAlarm
                0x8001b1d8      0x1e0 C:/devkitPro/libogc/lib/wii\libogc.a(system.o)
                0x8001b1d8                SYS_SetAlarm
 .text.SYS_SetPeriodicAlarm
                0x8001b3b8      0x270 C:/devkitPro/libogc/lib/wii\libogc.a(system.o)
                0x8001b3b8                SYS_SetPeriodicAlarm
 .text.SYS_RemoveAlarm
                0x8001b628      0x10c C:/devkitPro/libogc/lib/wii\libogc.a(system.o)
                0x8001b628                SYS_RemoveAlarm
 .text.SYS_CancelAlarm
                0x8001b734       0xbc C:/devkitPro/libogc/lib/wii\libogc.a(system.o)
                0x8001b734                SYS_CancelAlarm
 .text.SYS_GetWirelessID
                0x8001b7f0       0x94 C:/devkitPro/libogc/lib/wii\libogc.a(system.o)
                0x8001b7f0                SYS_GetWirelessID
 .text.SYS_SetWirelessID
                0x8001b884       0x90 C:/devkitPro/libogc/lib/wii\libogc.a(system.o)
                0x8001b884                SYS_SetWirelessID
 .text.SYS_SetGBSMode
                0x8001b914       0xa8 C:/devkitPro/libogc/lib/wii\libogc.a(system.o)
                0x8001b914                SYS_SetGBSMode
 .text.__sram_init
                0x8001b9bc      0x1b8 C:/devkitPro/libogc/lib/wii\libogc.a(system.o)
                0x8001b9bc                __sram_init
 .text.SYS_Init
                0x8001bb74      0x5e8 C:/devkitPro/libogc/lib/wii\libogc.a(system.o)
                0x8001bb74                SYS_Init
 .text.SYS_GetHollywoodRevision
                0x8001c15c       0x3c C:/devkitPro/libogc/lib/wii\libogc.a(system.o)
                0x8001c15c                SYS_GetHollywoodRevision
 .text.SYS_Time
                0x8001c198       0x78 C:/devkitPro/libogc/lib/wii\libogc.a(system.o)
                0x8001c198                SYS_Time
 .text.__lwp_cond_init
                0x8001c210       0x14 C:/devkitPro/libogc/lib/wii\libogc.a(cond.o)
                0x8001c210                __lwp_cond_init
 .text.__decrementer_init
                0x8001c224        0x4 C:/devkitPro/libogc/lib/wii\libogc.a(decrementer.o)
                0x8001c224                __decrementer_init
 .text.c_decrementer_handler
                0x8001c228        0xc C:/devkitPro/libogc/lib/wii\libogc.a(decrementer.o)
                0x8001c228                c_decrementer_handler
 .text.__lwp_mqbox_init
                0x8001c234       0x14 C:/devkitPro/libogc/lib/wii\libogc.a(message.o)
                0x8001c234                __lwp_mqbox_init
 .text.__si_transfer
                0x8001c248      0x1a4 C:/devkitPro/libogc/lib/wii\libogc.a(si.o)
 .text.__si_alarmhandler
                0x8001c3ec       0xdc C:/devkitPro/libogc/lib/wii\libogc.a(si.o)
 .text.__si_completetransfer
                0x8001c4c8      0x1fc C:/devkitPro/libogc/lib/wii\libogc.a(si.o)
 .text.__si_transfernext
                0x8001c6c4       0xe0 C:/devkitPro/libogc/lib/wii\libogc.a(si.o)
 .text.SI_Busy  0x8001c7a4       0x18 C:/devkitPro/libogc/lib/wii\libogc.a(si.o)
                0x8001c7a4                SI_Busy
 .text.SI_IsChanBusy
                0x8001c7bc       0x38 C:/devkitPro/libogc/lib/wii\libogc.a(si.o)
                0x8001c7bc                SI_IsChanBusy
 .text.SI_SetXY
                0x8001c7f4       0x64 C:/devkitPro/libogc/lib/wii\libogc.a(si.o)
                0x8001c7f4                SI_SetXY
 .text.SI_EnablePolling
                0x8001c858       0x80 C:/devkitPro/libogc/lib/wii\libogc.a(si.o)
                0x8001c858                SI_EnablePolling
 .text.SI_DisablePolling
                0x8001c8d8       0x58 C:/devkitPro/libogc/lib/wii\libogc.a(si.o)
                0x8001c8d8                SI_DisablePolling
 .text.SI_SetSamplingRate
                0x8001c930       0xd8 C:/devkitPro/libogc/lib/wii\libogc.a(si.o)
                0x8001c930                SI_SetSamplingRate
 .text.SI_RefreshSamplingRate
                0x8001ca08        0x8 C:/devkitPro/libogc/lib/wii\libogc.a(si.o)
                0x8001ca08                SI_RefreshSamplingRate
 .text.SI_GetStatus
                0x8001ca10       0x78 C:/devkitPro/libogc/lib/wii\libogc.a(si.o)
                0x8001ca10                SI_GetStatus
 .text.SI_GetResponseRaw
                0x8001ca88       0xe8 C:/devkitPro/libogc/lib/wii\libogc.a(si.o)
                0x8001ca88                SI_GetResponseRaw
 .text.SI_GetResponse
                0x8001cb70       0xb8 C:/devkitPro/libogc/lib/wii\libogc.a(si.o)
                0x8001cb70                SI_GetResponse
 .text.SI_SetCommand
                0x8001cc28       0x10 C:/devkitPro/libogc/lib/wii\libogc.a(si.o)
                0x8001cc28                SI_SetCommand
 .text.SI_Transfer
                0x8001cc38      0x26c C:/devkitPro/libogc/lib/wii\libogc.a(si.o)
                0x8001cc38                SI_Transfer
 .text.__si_gettypecallback
                0x8001cea4      0x2c0 C:/devkitPro/libogc/lib/wii\libogc.a(si.o)
 .text.__si_interrupthandler
                0x8001d164      0x268 C:/devkitPro/libogc/lib/wii\libogc.a(si.o)
 .text.SI_GetType
                0x8001d3cc      0x1f4 C:/devkitPro/libogc/lib/wii\libogc.a(si.o)
                0x8001d3cc                SI_GetType
 .text.SI_GetTypeAsync
                0x8001d5c0      0x138 C:/devkitPro/libogc/lib/wii\libogc.a(si.o)
                0x8001d5c0                SI_GetTypeAsync
 .text.SI_EnablePollingInterrupt
                0x8001d6f8       0x8c C:/devkitPro/libogc/lib/wii\libogc.a(si.o)
                0x8001d6f8                SI_EnablePollingInterrupt
 .text.SI_UnregisterPollingHandler
                0x8001d784       0xe0 C:/devkitPro/libogc/lib/wii\libogc.a(si.o)
                0x8001d784                SI_UnregisterPollingHandler
 .text.__si_init
                0x8001d864       0xe8 C:/devkitPro/libogc/lib/wii\libogc.a(si.o)
                0x8001d864                __si_init
 .text.__ipc_sendrequest
                0x8001d94c      0x104 C:/devkitPro/libogc/lib/wii\libogc.a(ipc.o)
 .text.__ipc_syncrequest
                0x8001da50       0xe4 C:/devkitPro/libogc/lib/wii\libogc.a(ipc.o)
 .text.__ioctlvfmtCB
                0x8001db34      0x158 C:/devkitPro/libogc/lib/wii\libogc.a(ipc.o)
 .text.__ios_ioctlvformat_parse
                0x8001dc8c      0x820 C:/devkitPro/libogc/lib/wii\libogc.a(ipc.o)
 .text.__ipc_asyncrequest
                0x8001e4ac      0x13c C:/devkitPro/libogc/lib/wii\libogc.a(ipc.o)
 .text.__ipc_interrupthandler
                0x8001e5e8      0x34c C:/devkitPro/libogc/lib/wii\libogc.a(ipc.o)
 .text.iosCreateHeap
                0x8001e934      0x130 C:/devkitPro/libogc/lib/wii\libogc.a(ipc.o)
                0x8001e934                iosCreateHeap
 .text.iosAlloc
                0x8001ea64       0x30 C:/devkitPro/libogc/lib/wii\libogc.a(ipc.o)
                0x8001ea64                iosAlloc
 .text.iosFree  0x8001ea94       0x28 C:/devkitPro/libogc/lib/wii\libogc.a(ipc.o)
                0x8001ea94                iosFree
 .text.__IPC_ClntInit
                0x8001eabc       0xc8 C:/devkitPro/libogc/lib/wii\libogc.a(ipc.o)
                0x8001eabc                __IPC_ClntInit
 .text.IOS_Open
                0x8001eb84      0x110 C:/devkitPro/libogc/lib/wii\libogc.a(ipc.o)
                0x8001eb84                IOS_Open
 .text.IOS_Close
                0x8001ec94       0xf0 C:/devkitPro/libogc/lib/wii\libogc.a(ipc.o)
                0x8001ec94                IOS_Close
 .text.IOS_CloseAsync
                0x8001ed84       0xb4 C:/devkitPro/libogc/lib/wii\libogc.a(ipc.o)
                0x8001ed84                IOS_CloseAsync
 .text.IOS_Read
                0x8001ee38      0x10c C:/devkitPro/libogc/lib/wii\libogc.a(ipc.o)
                0x8001ee38                IOS_Read
 .text.IOS_Write
                0x8001ef44      0x10c C:/devkitPro/libogc/lib/wii\libogc.a(ipc.o)
                0x8001ef44                IOS_Write
 .text.IOS_Ioctl
                0x8001f050      0x158 C:/devkitPro/libogc/lib/wii\libogc.a(ipc.o)
                0x8001f050                IOS_Ioctl
 .text.IOS_IoctlAsync
                0x8001f1a8      0x148 C:/devkitPro/libogc/lib/wii\libogc.a(ipc.o)
                0x8001f1a8                IOS_IoctlAsync
 .text.IOS_Ioctlv
                0x8001f2f0      0x1f0 C:/devkitPro/libogc/lib/wii\libogc.a(ipc.o)
                0x8001f2f0                IOS_Ioctlv
 .text.IOS_IoctlvAsync
                0x8001f4e0      0x1d4 C:/devkitPro/libogc/lib/wii\libogc.a(ipc.o)
                0x8001f4e0                IOS_IoctlvAsync
 .text.IOS_IoctlvFormat
                0x8001f6b4      0x16c C:/devkitPro/libogc/lib/wii\libogc.a(ipc.o)
                0x8001f6b4                IOS_IoctlvFormat
 .text.IOS_IoctlvReboot
                0x8001f820      0x1f4 C:/devkitPro/libogc/lib/wii\libogc.a(ipc.o)
                0x8001f820                IOS_IoctlvReboot
 .text.gettick  0x8001fa14        0x8 C:/devkitPro/libogc/lib/wii\libogc.a(timesupp.o)
                0x8001fa14                gettick
 .text.gettime  0x8001fa1c       0x18 C:/devkitPro/libogc/lib/wii\libogc.a(timesupp.o)
                0x8001fa1c                gettime
 .text.settime  0x8001fa34       0x14 C:/devkitPro/libogc/lib/wii\libogc.a(timesupp.o)
                0x8001fa34                settime
 .text.diff_usec
                0x8001fa48       0x88 C:/devkitPro/libogc/lib/wii\libogc.a(timesupp.o)
                0x8001fa48                diff_usec
 .text.__timesystem_init
                0x8001fad0       0x1c C:/devkitPro/libogc/lib/wii\libogc.a(timesupp.o)
                0x8001fad0                __timesystem_init
 .text.udelay   0x8001faec       0xac C:/devkitPro/libogc/lib/wii\libogc.a(timesupp.o)
                0x8001faec                udelay
 .text.__libogc_nanosleep
                0x8001fb98      0x144 C:/devkitPro/libogc/lib/wii\libogc.a(timesupp.o)
                0x8001fb98                __libogc_nanosleep
 .text.__syscall_lock_init
                0x8001fcdc       0x6c C:/devkitPro/libogc/lib/wii\libogc.a(lock_supp.o)
                0x8001fcdc                __syscall_lock_init
 .text.__syscall_lock_init_recursive
                0x8001fd48       0x6c C:/devkitPro/libogc/lib/wii\libogc.a(lock_supp.o)
                0x8001fd48                __syscall_lock_init_recursive
 .text.__syscall_lock_close
                0x8001fdb4       0x68 C:/devkitPro/libogc/lib/wii\libogc.a(lock_supp.o)
                0x8001fdb4                __syscall_lock_close
 .text.__syscall_lock_acquire
                0x8001fe1c       0x18 C:/devkitPro/libogc/lib/wii\libogc.a(lock_supp.o)
                0x8001fe1c                __syscall_lock_acquire
 .text.__syscall_lock_release
                0x8001fe34       0x18 C:/devkitPro/libogc/lib/wii\libogc.a(lock_supp.o)
                0x8001fe34                __syscall_lock_release
 .text.__usbgecko_exi_unlock
                0x8001fe4c       0x34 C:/devkitPro/libogc/lib/wii\libogc.a(usbgecko.o)
 .text.usb_isgeckoalive
                0x8001fe80      0x1bc C:/devkitPro/libogc/lib/wii\libogc.a(usbgecko.o)
                0x8001fe80                usb_isgeckoalive
 .text.usb_sendbuffer_ex
                0x8002003c      0x214 C:/devkitPro/libogc/lib/wii\libogc.a(usbgecko.o)
                0x8002003c                usb_sendbuffer_ex
 .text.usb_sendbuffer
                0x80020250        0x8 C:/devkitPro/libogc/lib/wii\libogc.a(usbgecko.o)
                0x80020250                usb_sendbuffer
 .text.usb_sendbuffer_safe_ex
                0x80020258      0x2a8 C:/devkitPro/libogc/lib/wii\libogc.a(usbgecko.o)
                0x80020258                usb_sendbuffer_safe_ex
 .text.usb_sendbuffer_safe
                0x80020500        0x8 C:/devkitPro/libogc/lib/wii\libogc.a(usbgecko.o)
                0x80020500                usb_sendbuffer_safe
 .text._sbrk_r  0x80020508      0x28c C:/devkitPro/libogc/lib/wii\libogc.a(sbrk.o)
                0x80020508                _sbrk_r
 .text.__memlock_init
                0x80020794       0x7c C:/devkitPro/libogc/lib/wii\libogc.a(malloc_lock.o)
                0x80020794                __memlock_init
 .text.__libogc_malloc_lock
                0x80020810      0x1fc C:/devkitPro/libogc/lib/wii\libogc.a(malloc_lock.o)
                0x80020810                __libogc_malloc_lock
 .text.__libogc_malloc_unlock
                0x80020a0c       0x64 C:/devkitPro/libogc/lib/wii\libogc.a(malloc_lock.o)
                0x80020a0c                __libogc_malloc_unlock
 .text.__STM_SetEventHook
                0x80020a70       0xb0 C:/devkitPro/libogc/lib/wii\libogc.a(stm.o)
                0x80020a70                __STM_SetEventHook
 .text.__STM_Init
                0x80020b20       0x8c C:/devkitPro/libogc/lib/wii\libogc.a(stm.o)
                0x80020b20                __STM_Init
 .text.__STMEventHandler
                0x80020bac       0x64 C:/devkitPro/libogc/lib/wii\libogc.a(stm.o)
 .text.__STM_ReleaseEventHook
                0x80020c10       0x80 C:/devkitPro/libogc/lib/wii\libogc.a(stm.o)
                0x80020c10                __STM_ReleaseEventHook
 .text.__STM_Close
                0x80020c90       0xac C:/devkitPro/libogc/lib/wii\libogc.a(stm.o)
                0x80020c90                __STM_Close
 .text.STM_RegisterEventHandler
                0x80020d3c       0x10 C:/devkitPro/libogc/lib/wii\libogc.a(stm.o)
                0x80020d3c                STM_RegisterEventHandler
 .text.STM_ShutdownToStandby
                0x80020d4c       0x50 C:/devkitPro/libogc/lib/wii\libogc.a(stm.o)
                0x80020d4c                STM_ShutdownToStandby
 .text.STM_ShutdownToIdle
                0x80020d9c       0x70 C:/devkitPro/libogc/lib/wii\libogc.a(stm.o)
                0x80020d9c                STM_ShutdownToIdle
 .text.STM_SetLedMode
                0x80020e0c       0x40 C:/devkitPro/libogc/lib/wii\libogc.a(stm.o)
                0x80020e0c                STM_SetLedMode
 .text.STM_RebootSystem
                0x80020e4c       0x50 C:/devkitPro/libogc/lib/wii\libogc.a(stm.o)
                0x80020e4c                STM_RebootSystem
 .text.__IOS_InitializeSubsystems
                0x80020e9c       0x44 C:/devkitPro/libogc/lib/wii\libogc.a(ios.o)
                0x80020e9c                __IOS_InitializeSubsystems
 .text.__IOS_ShutdownSubsystems
                0x80020ee0       0x44 C:/devkitPro/libogc/lib/wii\libogc.a(ios.o)
                0x80020ee0                __IOS_ShutdownSubsystems
 .text.__IOS_LoadStartupIOS
                0x80020f24        0x8 C:/devkitPro/libogc/lib/wii\libogc.a(ios.o)
                0x80020f24                __IOS_LoadStartupIOS
 .text._ES_fstat_r
                0x80020f2c      0x120 C:/devkitPro/libogc/lib/wii\libogc.a(es.o)
 .text._ES_seek_r
                0x8002104c       0xdc C:/devkitPro/libogc/lib/wii\libogc.a(es.o)
 .text._ES_close_r
                0x80021128       0xac C:/devkitPro/libogc/lib/wii\libogc.a(es.o)
 .text.__ES_Init
                0x800211d4       0x78 C:/devkitPro/libogc/lib/wii\libogc.a(es.o)
                0x800211d4                __ES_Init
 .text.__ES_Close
                0x8002124c       0x54 C:/devkitPro/libogc/lib/wii\libogc.a(es.o)
                0x8002124c                __ES_Close
 .text.ES_GetTitleID
                0x800212a0       0x94 C:/devkitPro/libogc/lib/wii\libogc.a(es.o)
                0x800212a0                ES_GetTitleID
 .text.ES_LaunchTitle
                0x80021334       0xa4 C:/devkitPro/libogc/lib/wii\libogc.a(es.o)
                0x80021334                ES_LaunchTitle
 .text.ES_GetNumTicketViews
                0x800213d8       0x98 C:/devkitPro/libogc/lib/wii\libogc.a(es.o)
                0x800213d8                ES_GetNumTicketViews
 .text.ES_GetTicketViews
                0x80021470       0x8c C:/devkitPro/libogc/lib/wii\libogc.a(es.o)
                0x80021470                ES_GetTicketViews
 .text.ES_GetStoredTMDSize
                0x800214fc       0x98 C:/devkitPro/libogc/lib/wii\libogc.a(es.o)
                0x800214fc                ES_GetStoredTMDSize
 .text.ES_GetStoredTMD
                0x80021594       0x90 C:/devkitPro/libogc/lib/wii\libogc.a(es.o)
                0x80021594                ES_GetStoredTMD
 .text._ES_decodepath
                0x80021624      0x440 C:/devkitPro/libogc/lib/wii\libogc.a(es.o)
 .text._ES_stat_r
                0x80021a64       0xf4 C:/devkitPro/libogc/lib/wii\libogc.a(es.o)
 .text._ES_open_r
                0x80021b58      0x1d0 C:/devkitPro/libogc/lib/wii\libogc.a(es.o)
 .text.ES_ReadContent
                0x80021d28       0x6c C:/devkitPro/libogc/lib/wii\libogc.a(es.o)
                0x80021d28                ES_ReadContent
 .text._ES_read_r
                0x80021d94      0x17c C:/devkitPro/libogc/lib/wii\libogc.a(es.o)
 .text.ISFS_Initialize
                0x80021f10       0x8c C:/devkitPro/libogc/lib/wii\libogc.a(isfs.o)
                0x80021f10                ISFS_Initialize
 .text.ISFS_Open
                0x80021f9c       0xd4 C:/devkitPro/libogc/lib/wii\libogc.a(isfs.o)
                0x80021f9c                ISFS_Open
 .text.ISFS_Write
                0x80022070       0x1c C:/devkitPro/libogc/lib/wii\libogc.a(isfs.o)
                0x80022070                ISFS_Write
 .text.__usbv5_devicechangeCB
                0x8002208c      0x180 C:/devkitPro/libogc/lib/wii\libogc.a(usb.o)
 .text.__usbv5_attachfinishCB
                0x8002220c       0xcc C:/devkitPro/libogc/lib/wii\libogc.a(usb.o)
 .text.__usbv5_messageCB
                0x800222d8       0x5c C:/devkitPro/libogc/lib/wii\libogc.a(usb.o)
 .text.__usbv0_messageCB
                0x80022334       0xa8 C:/devkitPro/libogc/lib/wii\libogc.a(usb.o)
 .text.__usb_control_message
                0x800223dc      0x428 C:/devkitPro/libogc/lib/wii\libogc.a(usb.o)
 .text.__usb_interrupt_bulk_message
                0x80022804      0x2c0 C:/devkitPro/libogc/lib/wii\libogc.a(usb.o)
 .text.USB_FreeDescriptors.part.0
                0x80022ac4       0xfc C:/devkitPro/libogc/lib/wii\libogc.a(usb.o)
 .text.USB_GetDescriptors.part.0
                0x80022bc0      0x674 C:/devkitPro/libogc/lib/wii\libogc.a(usb.o)
 .text.USBV5_SuspendResume
                0x80023234      0x138 C:/devkitPro/libogc/lib/wii\libogc.a(usb.o)
 .text.USBV5_GetDescriptors
                0x8002336c      0x518 C:/devkitPro/libogc/lib/wii\libogc.a(usb.o)
 .text.USB_Deinitialize
                0x80023884       0xc8 C:/devkitPro/libogc/lib/wii\libogc.a(usb.o)
                0x80023884                USB_Deinitialize
 .text.USB_Initialize
                0x8002394c      0x2f8 C:/devkitPro/libogc/lib/wii\libogc.a(usb.o)
                0x8002394c                USB_Initialize
 .text.USB_OpenDevice
                0x80023c44      0x2b8 C:/devkitPro/libogc/lib/wii\libogc.a(usb.o)
                0x80023c44                USB_OpenDevice
 .text.USBV5_CloseDevice
                0x80023efc      0x128 C:/devkitPro/libogc/lib/wii\libogc.a(usb.o)
                0x80023efc                USBV5_CloseDevice
 .text.USB_CloseDeviceAsync
                0x80024024       0xd0 C:/devkitPro/libogc/lib/wii\libogc.a(usb.o)
                0x80024024                USB_CloseDeviceAsync
 .text.USB_ReadIntrMsgAsync
                0x800240f4       0x28 C:/devkitPro/libogc/lib/wii\libogc.a(usb.o)
                0x800240f4                USB_ReadIntrMsgAsync
 .text.USB_ReadBlkMsgAsync
                0x8002411c       0x28 C:/devkitPro/libogc/lib/wii\libogc.a(usb.o)
                0x8002411c                USB_ReadBlkMsgAsync
 .text.USB_WriteBlkMsgAsync
                0x80024144       0x28 C:/devkitPro/libogc/lib/wii\libogc.a(usb.o)
                0x80024144                USB_WriteBlkMsgAsync
 .text.USB_WriteCtrlMsgAsync
                0x8002416c        0x4 C:/devkitPro/libogc/lib/wii\libogc.a(usb.o)
                0x8002416c                USB_WriteCtrlMsgAsync
 .text.__CheckARGV
                0x80024170       0x80 C:/devkitPro/libogc/lib/wii\libogc.a(argv.o)
                0x80024170                __CheckARGV
 .text.CONF_Init
                0x800241f0      0x184 C:/devkitPro/libogc/lib/wii\libogc.a(conf.o)
                0x800241f0                CONF_Init
 .text.__CONF_GetTxt
                0x80024374      0x208 C:/devkitPro/libogc/lib/wii\libogc.a(conf.o)
                0x80024374                __CONF_GetTxt
 .text.__CONF_Find
                0x8002457c       0xfc C:/devkitPro/libogc/lib/wii\libogc.a(conf.o)
                0x8002457c                __CONF_Find
 .text.CONF_GetLength
                0x80024678      0x12c C:/devkitPro/libogc/lib/wii\libogc.a(conf.o)
                0x80024678                CONF_GetLength
 .text.CONF_Get
                0x800247a4      0x140 C:/devkitPro/libogc/lib/wii\libogc.a(conf.o)
                0x800247a4                CONF_Get
 .text.CONF_GetShutdownMode
                0x800248e4       0x54 C:/devkitPro/libogc/lib/wii\libogc.a(conf.o)
                0x800248e4                CONF_GetShutdownMode
 .text.CONF_GetIdleLedMode
                0x80024938       0x54 C:/devkitPro/libogc/lib/wii\libogc.a(conf.o)
                0x80024938                CONF_GetIdleLedMode
 .text.CONF_GetProgressiveScan
                0x8002498c       0x54 C:/devkitPro/libogc/lib/wii\libogc.a(conf.o)
                0x8002498c                CONF_GetProgressiveScan
 .text.CONF_GetEuRGB60
                0x800249e0       0x54 C:/devkitPro/libogc/lib/wii\libogc.a(conf.o)
                0x800249e0                CONF_GetEuRGB60
 .text.CONF_GetIRSensitivity
                0x80024a34       0x54 C:/devkitPro/libogc/lib/wii\libogc.a(conf.o)
                0x80024a34                CONF_GetIRSensitivity
 .text.CONF_GetSensorBarPosition
                0x80024a88       0x54 C:/devkitPro/libogc/lib/wii\libogc.a(conf.o)
                0x80024a88                CONF_GetSensorBarPosition
 .text.CONF_GetCounterBias
                0x80024adc       0x4c C:/devkitPro/libogc/lib/wii\libogc.a(conf.o)
                0x80024adc                CONF_GetCounterBias
 .text.CONF_GetDisplayOffsetH
                0x80024b28       0x4c C:/devkitPro/libogc/lib/wii\libogc.a(conf.o)
                0x80024b28                CONF_GetDisplayOffsetH
 .text.CONF_GetPadDevices
                0x80024b74       0x4c C:/devkitPro/libogc/lib/wii\libogc.a(conf.o)
                0x80024b74                CONF_GetPadDevices
 .text.CONF_GetVideo
                0x80024bc0       0x88 C:/devkitPro/libogc/lib/wii\libogc.a(conf.o)
                0x80024bc0                CONF_GetVideo
 .text.__WII_WriteNANDBootInfo.isra.0
                0x80024c48       0xbc C:/devkitPro/libogc/lib/wii\libogc.a(wiilaunch.o)
 .text.__WII_WriteStateFlags.isra.0
                0x80024d04       0x94 C:/devkitPro/libogc/lib/wii\libogc.a(wiilaunch.o)
 .text.WII_Initialize
                0x80024d98      0x188 C:/devkitPro/libogc/lib/wii\libogc.a(wiilaunch.o)
                0x80024d98                WII_Initialize
 .text.WII_LaunchTitle
                0x80024f20      0x1ac C:/devkitPro/libogc/lib/wii\libogc.a(wiilaunch.o)
                0x80024f20                WII_LaunchTitle
 .text.WII_ReturnToMenu
                0x800250cc       0x58 C:/devkitPro/libogc/lib/wii\libogc.a(wiilaunch.o)
                0x800250cc                WII_ReturnToMenu
 .text.__lwp_priority_init
                0x80025124       0x1c C:/devkitPro/libogc/lib/wii\libogc.a(lwp_priority.o)
                0x80025124                __lwp_priority_init
 .text.__lwp_threadqueue_enqueuefifo
                0x80025140      0x12c C:/devkitPro/libogc/lib/wii\libogc.a(lwp_threadq.o)
                0x80025140                __lwp_threadqueue_enqueuefifo
 .text.__lwp_threadqueue_dequeuefifo
                0x8002526c      0x134 C:/devkitPro/libogc/lib/wii\libogc.a(lwp_threadq.o)
                0x8002526c                __lwp_threadqueue_dequeuefifo
 .text.__lwp_threadqueue_enqueuepriority
                0x800253a0      0x334 C:/devkitPro/libogc/lib/wii\libogc.a(lwp_threadq.o)
                0x800253a0                __lwp_threadqueue_enqueuepriority
 .text.__lwp_threadqueue_dequeuepriority
                0x800256d4      0x1d8 C:/devkitPro/libogc/lib/wii\libogc.a(lwp_threadq.o)
                0x800256d4                __lwp_threadqueue_dequeuepriority
 .text.__lwp_threadqueue_init
                0x800258ac       0x64 C:/devkitPro/libogc/lib/wii\libogc.a(lwp_threadq.o)
                0x800258ac                __lwp_threadqueue_init
 .text.__lwp_threadqueue_enqueue
                0x80025910      0x138 C:/devkitPro/libogc/lib/wii\libogc.a(lwp_threadq.o)
                0x80025910                __lwp_threadqueue_enqueue
 .text.__lwp_threadqueue_dequeue
                0x80025a48       0x24 C:/devkitPro/libogc/lib/wii\libogc.a(lwp_threadq.o)
                0x80025a48                __lwp_threadqueue_dequeue
 .text.__lwp_threadqueue_flush
                0x80025a6c       0x68 C:/devkitPro/libogc/lib/wii\libogc.a(lwp_threadq.o)
                0x80025a6c                __lwp_threadqueue_flush
 .text.__lwp_threadqueue_extractfifo
                0x80025ad4       0xe8 C:/devkitPro/libogc/lib/wii\libogc.a(lwp_threadq.o)
                0x80025ad4                __lwp_threadqueue_extractfifo
 .text.__lwp_threadqueue_extractpriority
                0x80025bbc      0x148 C:/devkitPro/libogc/lib/wii\libogc.a(lwp_threadq.o)
                0x80025bbc                __lwp_threadqueue_extractpriority
 .text.__lwp_threadqueue_timeout
                0x80025d04       0xd0 C:/devkitPro/libogc/lib/wii\libogc.a(lwp_threadq.o)
 .text.__lwp_threadqueue_extractproxy
                0x80025dd4       0x64 C:/devkitPro/libogc/lib/wii\libogc.a(lwp_threadq.o)
                0x80025dd4                __lwp_threadqueue_extractproxy
 .text.__lwp_mutex_initialize
                0x80025e38       0xa4 C:/devkitPro/libogc/lib/wii\libogc.a(lwp_mutex.o)
                0x80025e38                __lwp_mutex_initialize
 .text.__lwp_mutex_surrender
                0x80025edc      0x14c C:/devkitPro/libogc/lib/wii\libogc.a(lwp_mutex.o)
                0x80025edc                __lwp_mutex_surrender
 .text.__lwp_mutex_seize_irq_blocking
                0x80026028       0xf8 C:/devkitPro/libogc/lib/wii\libogc.a(lwp_mutex.o)
                0x80026028                __lwp_mutex_seize_irq_blocking
 .text.__lwp_mutex_flush
                0x80026120        0x4 C:/devkitPro/libogc/lib/wii\libogc.a(lwp_mutex.o)
                0x80026120                __lwp_mutex_flush
 .text.__systemcall_init
                0x80026124       0x70 C:/devkitPro/libogc/lib/wii\libogc.a(exception.o)
                0x80026124                __systemcall_init
 .text.__exception_init
                0x80026194      0x120 C:/devkitPro/libogc/lib/wii\libogc.a(exception.o)
                0x80026194                __exception_init
 .text.__exception_close
                0x800262b4       0xac C:/devkitPro/libogc/lib/wii\libogc.a(exception.o)
                0x800262b4                __exception_close
 .text.__exception_closeall
                0x80026360       0x80 C:/devkitPro/libogc/lib/wii\libogc.a(exception.o)
                0x80026360                __exception_closeall
 .text.c_default_exceptionhandler
                0x800263e0      0x458 C:/devkitPro/libogc/lib/wii\libogc.a(exception.o)
                0x800263e0                c_default_exceptionhandler
 .text.__lwp_sema_init
                0x80026838       0x14 C:/devkitPro/libogc/lib/wii\libogc.a(semaphore.o)
                0x80026838                __lwp_sema_init
 .text.SPEC1_MakeStatus
                0x8002684c      0x104 C:/devkitPro/libogc/lib/wii\libogc.a(pad.o)
 .text.__pad_samplinghandler
                0x80026950        0x4 C:/devkitPro/libogc/lib/wii\libogc.a(pad.o)
 .text.__pad_doreset
                0x80026954       0x50 C:/devkitPro/libogc/lib/wii\libogc.a(pad.o)
 .text.__pad_updateorigin
                0x800269a4       0xa4 C:/devkitPro/libogc/lib/wii\libogc.a(pad.o)
 .text.__pad_disable
                0x80026a48       0xbc C:/devkitPro/libogc/lib/wii\libogc.a(pad.o)
 .text.__pad_receivecheckcallback
                0x80026b04       0x84 C:/devkitPro/libogc/lib/wii\libogc.a(pad.o)
 .text.__pad_typeandstatuscallback
                0x80026b88      0x1ac C:/devkitPro/libogc/lib/wii\libogc.a(pad.o)
 .text.__pad_originupdatecallback
                0x80026d34       0x2c C:/devkitPro/libogc/lib/wii\libogc.a(pad.o)
 .text.__pad_onreset
                0x80026d60      0x108 C:/devkitPro/libogc/lib/wii\libogc.a(pad.o)
 .text.SPEC2_MakeStatus
                0x80026e68      0x214 C:/devkitPro/libogc/lib/wii\libogc.a(pad.o)
 .text.__pad_origincallback
                0x8002707c       0x74 C:/devkitPro/libogc/lib/wii\libogc.a(pad.o)
 .text.__pad_probecallback
                0x800270f0       0x88 C:/devkitPro/libogc/lib/wii\libogc.a(pad.o)
 .text.__PADDisableRecalibration
                0x80027178       0x64 C:/devkitPro/libogc/lib/wii\libogc.a(pad.o)
                0x80027178                __PADDisableRecalibration
 .text.PAD_Reset
                0x800271dc       0xf0 C:/devkitPro/libogc/lib/wii\libogc.a(pad.o)
                0x800271dc                PAD_Reset
 .text.PAD_Read
                0x800272cc      0x2d4 C:/devkitPro/libogc/lib/wii\libogc.a(pad.o)
                0x800272cc                PAD_Read
 .text.PAD_Init
                0x800275a0       0xf8 C:/devkitPro/libogc/lib/wii\libogc.a(pad.o)
                0x800275a0                PAD_Init
 .text.PAD_ScanPads
                0x80027698      0x15c C:/devkitPro/libogc/lib/wii\libogc.a(pad.o)
                0x80027698                PAD_ScanPads
 .text.PAD_ButtonsDown
                0x800277f4       0x40 C:/devkitPro/libogc/lib/wii\libogc.a(pad.o)
                0x800277f4                PAD_ButtonsDown
 .text.__exi_irq_handler
                0x80027834       0x58 C:/devkitPro/libogc/lib/wii\libogc.a(exi.o)
 .text.__ext_irq_handler
                0x8002788c       0xc8 C:/devkitPro/libogc/lib/wii\libogc.a(exi.o)
 .text.__tc_irq_handler
                0x80027954      0x178 C:/devkitPro/libogc/lib/wii\libogc.a(exi.o)
 .text.__exi_probe
                0x80027acc      0x214 C:/devkitPro/libogc/lib/wii\libogc.a(exi.o)
 .text.__exi_attach
                0x80027ce0      0x104 C:/devkitPro/libogc/lib/wii\libogc.a(exi.o)
 .text.EXI_Lock
                0x80027de4      0x218 C:/devkitPro/libogc/lib/wii\libogc.a(exi.o)
                0x80027de4                EXI_Lock
 .text.EXI_Unlock
                0x80027ffc      0x224 C:/devkitPro/libogc/lib/wii\libogc.a(exi.o)
                0x80027ffc                EXI_Unlock
 .text.EXI_Select
                0x80028220      0x208 C:/devkitPro/libogc/lib/wii\libogc.a(exi.o)
                0x80028220                EXI_Select
 .text.EXI_Deselect
                0x80028428      0x16c C:/devkitPro/libogc/lib/wii\libogc.a(exi.o)
                0x80028428                EXI_Deselect
 .text.EXI_Sync
                0x80028594      0x108 C:/devkitPro/libogc/lib/wii\libogc.a(exi.o)
                0x80028594                EXI_Sync
 .text.EXI_Imm  0x8002869c      0x1f8 C:/devkitPro/libogc/lib/wii\libogc.a(exi.o)
                0x8002869c                EXI_Imm
 .text.EXI_ImmEx
                0x80028894       0xd8 C:/devkitPro/libogc/lib/wii\libogc.a(exi.o)
                0x80028894                EXI_ImmEx
 .text.EXI_Dma  0x8002896c      0x16c C:/devkitPro/libogc/lib/wii\libogc.a(exi.o)
                0x8002896c                EXI_Dma
 .text.EXI_Detach
                0x80028ad8       0xb0 C:/devkitPro/libogc/lib/wii\libogc.a(exi.o)
                0x80028ad8                EXI_Detach
 .text.EXI_GetID
                0x80028b88      0x338 C:/devkitPro/libogc/lib/wii\libogc.a(exi.o)
                0x80028b88                EXI_GetID
 .text.__unlocked_handler
                0x80028ec0       0x28 C:/devkitPro/libogc/lib/wii\libogc.a(exi.o)
 .text.EXI_ProbeReset
                0x80028ee8       0x70 C:/devkitPro/libogc/lib/wii\libogc.a(exi.o)
                0x80028ee8                EXI_ProbeReset
 .text.__exi_init
                0x80028f58      0x188 C:/devkitPro/libogc/lib/wii\libogc.a(exi.o)
                0x80028f58                __exi_init
 .text.__lwp_mutex_locksupp.constprop.0
                0x800290e0      0x2a8 C:/devkitPro/libogc/lib/wii\libogc.a(mutex.o)
 .text.__lwp_mutex_init
                0x80029388       0x14 C:/devkitPro/libogc/lib/wii\libogc.a(mutex.o)
                0x80029388                __lwp_mutex_init
 .text.LWP_MutexInit
                0x8002939c      0x100 C:/devkitPro/libogc/lib/wii\libogc.a(mutex.o)
                0x8002939c                LWP_MutexInit
 .text.LWP_MutexDestroy
                0x8002949c       0xf0 C:/devkitPro/libogc/lib/wii\libogc.a(mutex.o)
                0x8002949c                LWP_MutexDestroy
 .text.LWP_MutexLock
                0x8002958c        0x8 C:/devkitPro/libogc/lib/wii\libogc.a(mutex.o)
                0x8002958c                LWP_MutexLock
 .text.LWP_MutexUnlock
                0x80029594       0x9c C:/devkitPro/libogc/lib/wii\libogc.a(mutex.o)
                0x80029594                LWP_MutexUnlock
 .text.__GX_InitRevBits
                0x80029630       0x98 C:/devkitPro/libogc/lib/wii\libogc.a(gx.o)
 .text.GX_AbortFrame
                0x800296c8      0x3d8 C:/devkitPro/libogc/lib/wii\libogc.a(gx.o)
                0x800296c8                GX_AbortFrame
 .text.number   0x80029aa0      0x318 C:/devkitPro/libogc/lib/wii\libogc.a(kprintf.o)
 .text.kvsprintf
                0x80029db8      0x888 C:/devkitPro/libogc/lib/wii\libogc.a(kprintf.o)
                0x80029db8                kvsprintf
 .text.kprintf  0x8002a640       0xac C:/devkitPro/libogc/lib/wii\libogc.a(kprintf.o)
                0x8002a640                kprintf
 .text.net_wc24cleanup
                0x8002a6ec       0x64 C:/devkitPro/libogc/lib/wii\libogc.a(network_wii.o)
                0x8002a6ec                net_wc24cleanup
 .text.atanf    0x8002a750      0x290 C:/devkitPro/devkitPPC/bin/../lib/gcc/powerpc-eabi/13.1.0/../../../../powerpc-eabi/lib\libm.a(libm_a-sf_atan.o)
                0x8002a750                atanf